Archive member included to satisfy reference by file (symbol)

C:/QMK_MSYS/mingw64/bin/../lib/gcc/arm-none-eabi/13.3.0/thumb/v6-m/nofp\libgcc.a(_thumb1_case_sqi.o)
                              .build/obj_cloneshochat_v2_syn_via/quantum/keycode_config.o (__gnu_thumb1_case_sqi)
C:/QMK_MSYS/mingw64/bin/../lib/gcc/arm-none-eabi/13.3.0/thumb/v6-m/nofp\libgcc.a(_thumb1_case_uqi.o)
                              .build/obj_cloneshochat_v2_syn_via/quantum/action.o (__gnu_thumb1_case_uqi)
C:/QMK_MSYS/mingw64/bin/../lib/gcc/arm-none-eabi/13.3.0/thumb/v6-m/nofp\libgcc.a(_thumb1_case_shi.o)
                              .build/obj_cloneshochat_v2_syn_via/lib/chibios/os/hal/lib/streams/chprintf.o (__gnu_thumb1_case_shi)
C:/QMK_MSYS/mingw64/bin/../lib/gcc/arm-none-eabi/13.3.0/thumb/v6-m/nofp\libgcc.a(_thumb1_case_uhi.o)
                              .build/obj_cloneshochat_v2_syn_via/quantum/action.o (__gnu_thumb1_case_uhi)
C:/QMK_MSYS/mingw64/bin/../lib/gcc/arm-none-eabi/13.3.0/thumb/v6-m/nofp\libgcc.a(_dvmd_tls.o)
                              .build/obj_cloneshochat_v2_syn_via/./lib/pico-sdk/src/rp2_common/pico_divider/divider.o (__aeabi_idiv0)
C:/QMK_MSYS/mingw64/bin/../lib/gcc/arm-none-eabi/13.3.0/thumb/v6-m/nofp\libgcc.a(_ctzsi2.o)
                              .build/obj_cloneshochat_v2_syn_via/./lib/pico-sdk/src/rp2_common/hardware_pio/pio.o (__ctzsi2)
C:/QMK_MSYS/mingw64/bin/../lib/gcc/arm-none-eabi/13.3.0/../../../../arm-none-eabi/lib/thumb/v6-m/nofp\libg_nano.a(libc_a-abort.o)
                              .build/obj_cloneshochat_v2_syn_via/lib/chibios/os/various/syscalls.o (abort)
C:/QMK_MSYS/mingw64/bin/../lib/gcc/arm-none-eabi/13.3.0/../../../../arm-none-eabi/lib/thumb/v6-m/nofp\libg_nano.a(libc_a-rand.o)
                              .build/obj_cloneshochat_v2_syn_via/quantum/send_string/send_string.o (rand)
C:/QMK_MSYS/mingw64/bin/../lib/gcc/arm-none-eabi/13.3.0/../../../../arm-none-eabi/lib/thumb/v6-m/nofp\libg_nano.a(libc_a-ctype_.o)
                              .build/obj_cloneshochat_v2_syn_via/quantum/send_string/send_string.o (_ctype_)
C:/QMK_MSYS/mingw64/bin/../lib/gcc/arm-none-eabi/13.3.0/../../../../arm-none-eabi/lib/thumb/v6-m/nofp\libg_nano.a(libc_a-memcmp.o)
                              .build/obj_cloneshochat_v2_syn_via/quantum/action_util.o (memcmp)
C:/QMK_MSYS/mingw64/bin/../lib/gcc/arm-none-eabi/13.3.0/../../../../arm-none-eabi/lib/thumb/v6-m/nofp\libg_nano.a(libc_a-memset.o)
                              .build/obj_cloneshochat_v2_syn_via/quantum/action_tapping.o (memset)
C:/QMK_MSYS/mingw64/bin/../lib/gcc/arm-none-eabi/13.3.0/../../../../arm-none-eabi/lib/thumb/v6-m/nofp\libg_nano.a(libc_a-signal.o)
                              C:/QMK_MSYS/mingw64/bin/../lib/gcc/arm-none-eabi/13.3.0/../../../../arm-none-eabi/lib/thumb/v6-m/nofp\libg_nano.a(libc_a-abort.o) (raise)
C:/QMK_MSYS/mingw64/bin/../lib/gcc/arm-none-eabi/13.3.0/../../../../arm-none-eabi/lib/thumb/v6-m/nofp\libg_nano.a(libc_a-impure.o)
                              C:/QMK_MSYS/mingw64/bin/../lib/gcc/arm-none-eabi/13.3.0/../../../../arm-none-eabi/lib/thumb/v6-m/nofp\libg_nano.a(libc_a-rand.o) (_impure_ptr)
C:/QMK_MSYS/mingw64/bin/../lib/gcc/arm-none-eabi/13.3.0/../../../../arm-none-eabi/lib/thumb/v6-m/nofp\libg_nano.a(libc_a-signalr.o)
                              C:/QMK_MSYS/mingw64/bin/../lib/gcc/arm-none-eabi/13.3.0/../../../../arm-none-eabi/lib/thumb/v6-m/nofp\libg_nano.a(libc_a-signal.o) (_kill_r)
C:/QMK_MSYS/mingw64/bin/../lib/gcc/arm-none-eabi/13.3.0/../../../../arm-none-eabi/lib/thumb/v6-m/nofp\libg_nano.a(libc_a-errno.o)
                              .build/obj_cloneshochat_v2_syn_via/platforms/chibios/syscall-fallbacks.o (__errno)
C:/QMK_MSYS/mingw64/bin/../lib/gcc/arm-none-eabi/13.3.0/../../../../arm-none-eabi/lib/thumb/v6-m/nofp\libg_nano.a(libc_a-memcpy-stub.o)
                              .build/obj_cloneshochat_v2_syn_via/quantum/action_tapping.o (memcpy)
C:/QMK_MSYS/mingw64/bin/../lib/gcc/arm-none-eabi/13.3.0/../../../../arm-none-eabi/lib/thumb/v6-m/nofp\libg_nano.a(libc_a-assert.o)
                              C:/QMK_MSYS/mingw64/bin/../lib/gcc/arm-none-eabi/13.3.0/../../../../arm-none-eabi/lib/thumb/v6-m/nofp\libg_nano.a(libc_a-rand.o) (__assert_func)
C:/QMK_MSYS/mingw64/bin/../lib/gcc/arm-none-eabi/13.3.0/../../../../arm-none-eabi/lib/thumb/v6-m/nofp\libg_nano.a(libc_a-malloc.o)
                              C:/QMK_MSYS/mingw64/bin/../lib/gcc/arm-none-eabi/13.3.0/../../../../arm-none-eabi/lib/thumb/v6-m/nofp\libg_nano.a(libc_a-rand.o) (malloc)
C:/QMK_MSYS/mingw64/bin/../lib/gcc/arm-none-eabi/13.3.0/../../../../arm-none-eabi/lib/thumb/v6-m/nofp\libg_nano.a(libc_a-mallocr.o)
                              C:/QMK_MSYS/mingw64/bin/../lib/gcc/arm-none-eabi/13.3.0/../../../../arm-none-eabi/lib/thumb/v6-m/nofp\libg_nano.a(libc_a-signal.o) (_malloc_r)
C:/QMK_MSYS/mingw64/bin/../lib/gcc/arm-none-eabi/13.3.0/../../../../arm-none-eabi/lib/thumb/v6-m/nofp\libg_nano.a(libc_a-mlock.o)
[...]
Memory Configuration

Name             Origin             Length             Attributes
flash0           0x00000000         0x00004000         xr
flash1           0x10000000         0x00200000         xr
flash2           0x00000000         0x00000000         xr
flash3           0x00000000         0x00000000         xr
flash4           0x00000000         0x00000000         xr
flash5           0x00000000         0x00000000         xr
flash6           0x00000000         0x00000000         xr
flash7           0x00000000         0x00000000         xr
ram0             0x20000000         0x00040000         xw
ram1             0x00000000         0x00040000         xw
ram2             0x00000000         0x00000000         xw
ram3             0x00000000         0x00000000         xw
ram4             0x20040000         0x00001000         xw
ram5             0x20041000         0x00001000         xw
ram6             0x00000000         0x00000000         xw
ram7             0x20041f00         0x00000100         xw
*default*        0x00000000         0xffffffff

Linker script and memory map

LOAD .build/obj_cloneshochat_v2_syn_via/.build/obj_cloneshochat_v2_syn_via/src/default_keyboard.o
LOAD .build/obj_cloneshochat_v2_syn_via/quantum/keymap_introspection.o
LOAD .build/obj_cloneshochat_v2_syn_via/quantum/quantum.o
LOAD .build/obj_cloneshochat_v2_syn_via/quantum/bitwise.o
LOAD .build/obj_cloneshochat_v2_syn_via/quantum/led.o
LOAD .build/obj_cloneshochat_v2_syn_via/quantum/action.o
LOAD .build/obj_cloneshochat_v2_syn_via/quantum/action_layer.o
LOAD .build/obj_cloneshochat_v2_syn_via/quantum/action_tapping.o
LOAD .build/obj_cloneshochat_v2_syn_via/quantum/action_util.o
LOAD .build/obj_cloneshochat_v2_syn_via/quantum/eeconfig.o
LOAD .build/obj_cloneshochat_v2_syn_via/quantum/keyboard.o
LOAD .build/obj_cloneshochat_v2_syn_via/quantum/keymap_common.o
LOAD .build/obj_cloneshochat_v2_syn_via/quantum/keycode_config.o
LOAD .build/obj_cloneshochat_v2_syn_via/quantum/sync_timer.o
LOAD .build/obj_cloneshochat_v2_syn_via/quantum/logging/debug.o
LOAD .build/obj_cloneshochat_v2_syn_via/quantum/logging/sendchar.o
LOAD .build/obj_cloneshochat_v2_syn_via/quantum/logging/print.o
LOAD .build/obj_cloneshochat_v2_syn_via/quantum/matrix_common.o
LOAD .build/obj_cloneshochat_v2_syn_via/quantum/matrix.o
LOAD .build/obj_cloneshochat_v2_syn_via/quantum/debounce/sym_defer_g.o
LOAD .build/obj_cloneshochat_v2_syn_via/quantum/main.o
LOAD .build/obj_cloneshochat_v2_syn_via/printf.o
LOAD .build/obj_cloneshochat_v2_syn_via/eeprom_driver.o
LOAD .build/obj_cloneshochat_v2_syn_via/eeprom_wear_leveling.o
LOAD .build/obj_cloneshochat_v2_syn_via/wear_leveling.o
LOAD .build/obj_cloneshochat_v2_syn_via/wear_leveling_rp2040_flash.o
LOAD .build/obj_cloneshochat_v2_syn_via/qmk_fnv_type_validation.o
LOAD .build/obj_cloneshochat_v2_syn_via/hash_32a.o
LOAD .build/obj_cloneshochat_v2_syn_via/hash_64a.o
LOAD .build/obj_cloneshochat_v2_syn_via/quantum/bootmagic/bootmagic.o
LOAD .build/obj_cloneshochat_v2_syn_via/quantum/dynamic_keymap.o
LOAD .build/obj_cloneshochat_v2_syn_via/quantum/process_keycode/process_grave_esc.o
LOAD .build/obj_cloneshochat_v2_syn_via/quantum/process_keycode/process_magic.o
LOAD .build/obj_cloneshochat_v2_syn_via/quantum/mousekey.o
LOAD .build/obj_cloneshochat_v2_syn_via/quantum/send_string/send_string.o
LOAD .build/obj_cloneshochat_v2_syn_via/quantum/process_keycode/process_space_cadet.o
LOAD .build/obj_cloneshochat_v2_syn_via/quantum/process_keycode/process_tri_layer.o
LOAD .build/obj_cloneshochat_v2_syn_via/quantum/tri_layer.o
LOAD .build/obj_cloneshochat_v2_syn_via/quantum/via.o
LOAD .build/obj_cloneshochat_v2_syn_via/protocol/host.o
LOAD .build/obj_cloneshochat_v2_syn_via/protocol/report.o
LOAD .build/obj_cloneshochat_v2_syn_via/protocol/usb_device_state.o
LOAD .build/obj_cloneshochat_v2_syn_via/protocol/usb_util.o
LOAD .build/obj_cloneshochat_v2_syn_via/platforms/suspend.o
LOAD .build/obj_cloneshochat_v2_syn_via/platforms/synchronization_util.o
LOAD .build/obj_cloneshochat_v2_syn_via/platforms/timer.o
LOAD .build/obj_cloneshochat_v2_syn_via/platforms/chibios/hardware_id.o
LOAD .build/obj_cloneshochat_v2_syn_via/platforms/chibios/platform.o
LOAD .build/obj_cloneshochat_v2_syn_via/platforms/chibios/suspend.o
LOAD .build/obj_cloneshochat_v2_syn_via/platforms/chibios/timer.o
LOAD .build/obj_cloneshochat_v2_syn_via/platforms/chibios/bootloaders/rp2040.o
LOAD .build/obj_cloneshochat_v2_syn_via/./lib/chibios/os/common/startup/ARMCMx/compilers/GCC/crt0_v6m.o
LOAD .build/obj_cloneshochat_v2_syn_via/./lib/chibios/os/common/startup/ARMCMx/compilers/GCC/vectors.o
LOAD .build/obj_cloneshochat_v2_syn_via/./lib/chibios/os/common/ports/ARMv6-M-RP2/compilers/GCC/chcoreasm.o
LOAD .build/obj_cloneshochat_v2_syn_via/protocol/chibios/usb_main.o
LOAD .build/obj_cloneshochat_v2_syn_via/protocol/chibios/chibios.o
LOAD .build/obj_cloneshochat_v2_syn_via/usb_descriptor.o
LOAD .build/obj_cloneshochat_v2_syn_via/protocol/chibios/usb_driver.o
LOAD .build/obj_cloneshochat_v2_syn_via/protocol/chibios/usb_util.o
LOAD .build/obj_cloneshochat_v2_syn_via/./lib/chibios/os/oslib/src/chmboxes.o
LOAD .build/obj_cloneshochat_v2_syn_via/./lib/chibios/os/oslib/src/chmemcore.o
LOAD .build/obj_cloneshochat_v2_syn_via/./lib/chibios/os/oslib/src/chmemheaps.o
LOAD .build/obj_cloneshochat_v2_syn_via/./lib/chibios/os/oslib/src/chmempools.o
LOAD .build/obj_cloneshochat_v2_syn_via/./lib/chibios/os/oslib/src/chpipes.o
LOAD .build/obj_cloneshochat_v2_syn_via/./lib/chibios/os/oslib/src/chobjcaches.o
LOAD .build/obj_cloneshochat_v2_syn_via/./lib/chibios/os/oslib/src/chdelegates.o
LOAD .build/obj_cloneshochat_v2_syn_via/./lib/chibios/os/oslib/src/chfactory.o
LOAD .build/obj_cloneshochat_v2_syn_via/lib/chibios/os/common/startup/ARMCMx/compilers/GCC/crt1.o
LOAD .build/obj_cloneshochat_v2_syn_via/lib/chibios/os/rt/src/chsys.o
LOAD .build/obj_cloneshochat_v2_syn_via/lib/chibios/os/rt/src/chrfcu.o
LOAD .build/obj_cloneshochat_v2_syn_via/lib/chibios/os/rt/src/chdebug.o
LOAD .build/obj_cloneshochat_v2_syn_via/lib/chibios/os/rt/src/chtrace.o
LOAD .build/obj_cloneshochat_v2_syn_via/lib/chibios/os/rt/src/chvt.o
LOAD .build/obj_cloneshochat_v2_syn_via/lib/chibios/os/rt/src/chschd.o
LOAD .build/obj_cloneshochat_v2_syn_via/lib/chibios/os/rt/src/chinstances.o
LOAD .build/obj_cloneshochat_v2_syn_via/lib/chibios/os/rt/src/chthreads.o
LOAD .build/obj_cloneshochat_v2_syn_via/lib/chibios/os/rt/src/chtm.o
LOAD .build/obj_cloneshochat_v2_syn_via/lib/chibios/os/rt/src/chstats.o
LOAD .build/obj_cloneshochat_v2_syn_via/lib/chibios/os/rt/src/chregistry.o
LOAD .build/obj_cloneshochat_v2_syn_via/lib/chibios/os/rt/src/chsem.o
LOAD .build/obj_cloneshochat_v2_syn_via/lib/chibios/os/rt/src/chmtx.o
LOAD .build/obj_cloneshochat_v2_syn_via/lib/chibios/os/rt/src/chcond.o
LOAD .build/obj_cloneshochat_v2_syn_via/lib/chibios/os/rt/src/chevents.o
LOAD .build/obj_cloneshochat_v2_syn_via/lib/chibios/os/rt/src/chmsg.o
LOAD .build/obj_cloneshochat_v2_syn_via/lib/chibios/os/rt/src/chdynamic.o
LOAD .build/obj_cloneshochat_v2_syn_via/lib/chibios/os/common/ports/ARMv6-M-RP2/chcore.o
LOAD .build/obj_cloneshochat_v2_syn_via/lib/chibios/os/hal/osal/rt-nil/osal.o
LOAD .build/obj_cloneshochat_v2_syn_via/lib/chibios/os/hal/src/hal.o
LOAD .build/obj_cloneshochat_v2_syn_via/lib/chibios/os/hal/src/hal_st.o
LOAD .build/obj_cloneshochat_v2_syn_via/lib/chibios/os/hal/src/hal_buffers.o
LOAD .build/obj_cloneshochat_v2_syn_via/lib/chibios/os/hal/src/hal_queues.o
LOAD .build/obj_cloneshochat_v2_syn_via/lib/chibios/os/hal/src/hal_flash.o
LOAD .build/obj_cloneshochat_v2_syn_via/lib/chibios/os/hal/src/hal_mmcsd.o
LOAD .build/obj_cloneshochat_v2_syn_via/lib/chibios/os/hal/src/hal_adc.o
LOAD .build/obj_cloneshochat_v2_syn_via/lib/chibios/os/hal/src/hal_can.o
LOAD .build/obj_cloneshochat_v2_syn_via/lib/chibios/os/hal/src/hal_crypto.o
LOAD .build/obj_cloneshochat_v2_syn_via/lib/chibios/os/hal/src/hal_dac.o
LOAD .build/obj_cloneshochat_v2_syn_via/lib/chibios/os/hal/src/hal_efl.o
LOAD .build/obj_cloneshochat_v2_syn_via/lib/chibios/os/hal/src/hal_gpt.o
LOAD .build/obj_cloneshochat_v2_syn_via/lib/chibios/os/hal/src/hal_i2c.o
LOAD .build/obj_cloneshochat_v2_syn_via/lib/chibios/os/hal/src/hal_i2s.o
LOAD .build/obj_cloneshochat_v2_syn_via/lib/chibios/os/hal/src/hal_icu.o
LOAD .build/obj_cloneshochat_v2_syn_via/lib/chibios/os/hal/src/hal_mac.o
LOAD .build/obj_cloneshochat_v2_syn_via/lib/chibios/os/hal/src/hal_mmc_spi.o
LOAD .build/obj_cloneshochat_v2_syn_via/lib/chibios/os/hal/src/hal_pal.o
LOAD .build/obj_cloneshochat_v2_syn_via/lib/chibios/os/hal/src/hal_pwm.o
LOAD .build/obj_cloneshochat_v2_syn_via/lib/chibios/os/hal/src/hal_rtc.o
LOAD .build/obj_cloneshochat_v2_syn_via/lib/chibios/os/hal/src/hal_sdc.o
LOAD .build/obj_cloneshochat_v2_syn_via/lib/chibios/os/hal/src/hal_serial.o
LOAD .build/obj_cloneshochat_v2_syn_via/lib/chibios/os/hal/src/hal_serial_usb.o
LOAD .build/obj_cloneshochat_v2_syn_via/lib/chibios/os/hal/src/hal_sio.o
LOAD .build/obj_cloneshochat_v2_syn_via/lib/chibios/os/hal/src/hal_spi.o
LOAD .build/obj_cloneshochat_v2_syn_via/lib/chibios/os/hal/src/hal_trng.o
LOAD .build/obj_cloneshochat_v2_syn_via/lib/chibios/os/hal/src/hal_uart.o
LOAD .build/obj_cloneshochat_v2_syn_via/lib/chibios/os/hal/src/hal_usb.o
LOAD .build/obj_cloneshochat_v2_syn_via/lib/chibios/os/hal/src/hal_wdg.o
LOAD .build/obj_cloneshochat_v2_syn_via/lib/chibios/os/hal/src/hal_wspi.o
LOAD .build/obj_cloneshochat_v2_syn_via/lib/chibios/os/hal/ports/common/ARMCMx/nvic.o
LOAD .build/obj_cloneshochat_v2_syn_via/lib/chibios/os/hal/ports/RP/RP2040/rp_isr.o
LOAD .build/obj_cloneshochat_v2_syn_via/lib/chibios/os/hal/ports/RP/RP2040/hal_lld.o
LOAD .build/obj_cloneshochat_v2_syn_via/lib/chibios/os/hal/ports/RP/LLD/DMAv1/rp_dma.o
LOAD .build/obj_cloneshochat_v2_syn_via/lib/chibios/os/hal/ports/RP/LLD/GPIOv1/hal_pal_lld.o
LOAD .build/obj_cloneshochat_v2_syn_via/lib/chibios/os/hal/ports/RP/LLD/SPIv1/hal_spi_lld.o
LOAD .build/obj_cloneshochat_v2_syn_via/lib/chibios/os/hal/ports/RP/LLD/TIMERv1/hal_st_lld.o
LOAD .build/obj_cloneshochat_v2_syn_via/lib/chibios/os/hal/ports/RP/LLD/UARTv1/hal_sio_lld.o
LOAD .build/obj_cloneshochat_v2_syn_via/lib/chibios/os/hal/ports/RP/LLD/RTCv1/hal_rtc_lld.o
LOAD .build/obj_cloneshochat_v2_syn_via/lib/chibios/os/hal/ports/RP/LLD/WDGv1/hal_wdg_lld.o
LOAD .build/obj_cloneshochat_v2_syn_via/lib/chibios-contrib/os/hal/ports/RP/LLD/I2Cv1/hal_i2c_lld.o
LOAD .build/obj_cloneshochat_v2_syn_via/lib/chibios-contrib/os/hal/ports/RP/LLD/PWMv1/hal_pwm_lld.o
LOAD .build/obj_cloneshochat_v2_syn_via/lib/chibios-contrib/os/hal/ports/RP/LLD/ADCv1/hal_adc_lld.o
LOAD .build/obj_cloneshochat_v2_syn_via/lib/chibios-contrib/os/hal/ports/RP/LLD/USBDv1/hal_usb_lld.o
LOAD .build/obj_cloneshochat_v2_syn_via/lib/chibios/os/hal/boards/RP_PICO_RP2040/board.o
LOAD .build/obj_cloneshochat_v2_syn_via/lib/chibios/os/hal/lib/streams/chprintf.o
LOAD .build/obj_cloneshochat_v2_syn_via/lib/chibios/os/hal/lib/streams/chscanf.o
LOAD .build/obj_cloneshochat_v2_syn_via/lib/chibios/os/hal/lib/streams/memstreams.o
LOAD .build/obj_cloneshochat_v2_syn_via/lib/chibios/os/hal/lib/streams/nullstreams.o
LOAD .build/obj_cloneshochat_v2_syn_via/lib/chibios/os/hal/lib/streams/bufstreams.o
LOAD .build/obj_cloneshochat_v2_syn_via/lib/chibios/os/various/syscalls.o
LOAD .build/obj_cloneshochat_v2_syn_via/platforms/chibios/syscall-fallbacks.o
LOAD .build/obj_cloneshochat_v2_syn_via/platforms/chibios/wait.o
LOAD .build/obj_cloneshochat_v2_syn_via/platforms/chibios/synchronization_util.o
LOAD .build/obj_cloneshochat_v2_syn_via/platforms/chibios/interrupt_handlers.o
LOAD .build/obj_cloneshochat_v2_syn_via/./lib/pico-sdk/src/rp2_common/hardware_clocks/clocks.o
LOAD .build/obj_cloneshochat_v2_syn_via/./lib/pico-sdk/src/rp2_common/hardware_pll/pll.o
LOAD .build/obj_cloneshochat_v2_syn_via/./lib/pico-sdk/src/rp2_common/hardware_pio/pio.o
LOAD .build/obj_cloneshochat_v2_syn_via/./lib/pico-sdk/src/rp2_common/hardware_timer/timer.o
LOAD .build/obj_cloneshochat_v2_syn_via/./lib/pico-sdk/src/rp2_common/hardware_flash/flash.o
LOAD .build/obj_cloneshochat_v2_syn_via/./lib/pico-sdk/src/rp2_common/hardware_gpio/gpio.o
LOAD .build/obj_cloneshochat_v2_syn_via/./lib/pico-sdk/src/rp2_common/hardware_claim/claim.o
LOAD .build/obj_cloneshochat_v2_syn_via/./lib/pico-sdk/src/rp2_common/hardware_watchdog/watchdog.o
LOAD .build/obj_cloneshochat_v2_syn_via/./lib/pico-sdk/src/rp2_common/hardware_xosc/xosc.o
LOAD .build/obj_cloneshochat_v2_syn_via/./lib/pico-sdk/src/rp2_common/pico_bootrom/bootrom.o
LOAD .build/obj_cloneshochat_v2_syn_via/platforms/chibios/vendors/RP/stage2_bootloaders.o
LOAD .build/obj_cloneshochat_v2_syn_via/platforms/chibios/vendors/RP/pico_sdk_shims.o
LOAD .build/obj_cloneshochat_v2_syn_via/./lib/pico-sdk/src/rp2_common/pico_divider/divider.o
LOAD .build/obj_cloneshochat_v2_syn_via/./lib/pico-sdk/src/rp2_common/pico_int64_ops/pico_int64_ops_aeabi.o
                0x00000800                        __process_stack_size__ = 0x800
                0x00000400                        __main_stack_size__ = 0x400
LOAD C:/QMK_MSYS/mingw64/bin/../lib/gcc/arm-none-eabi/13.3.0/../../../../arm-none-eabi/lib/thumb/v6-m/nofp\libm.a
START GROUP
LOAD C:/QMK_MSYS/mingw64/bin/../lib/gcc/arm-none-eabi/13.3.0/thumb/v6-m/nofp\libgcc.a
LOAD C:/QMK_MSYS/mingw64/bin/../lib/gcc/arm-none-eabi/13.3.0/../../../../arm-none-eabi/lib/thumb/v6-m/nofp\libg_nano.a
LOAD C:/QMK_MSYS/mingw64/bin/../lib/gcc/arm-none-eabi/13.3.0/../../../../arm-none-eabi/lib/thumb/v6-m/nofp\libc_nano.a
END GROUP
START GROUP
LOAD C:/QMK_MSYS/mingw64/bin/../lib/gcc/arm-none-eabi/13.3.0/thumb/v6-m/nofp\libgcc.a
LOAD C:/QMK_MSYS/mingw64/bin/../lib/gcc/arm-none-eabi/13.3.0/../../../../arm-none-eabi/lib/thumb/v6-m/nofp\libc_nano.a
END GROUP

.flash_begin    0x10000000        0x0
                0x10000000                        __flash_binary_start = .

.boot2          0x10000000      0x100
                0x10000000                        __boot2_start__ = .
 *(.boot2)
 .boot2         0x10000000      0x100 .build/obj_cloneshochat_v2_syn_via/platforms/chibios/vendors/RP/stage2_bootloaders.o
                0x10000000                BOOT2_ROM
                0x10000100                        __boot2_end__ = .

.mstack         0x20040000      0x400
                0x20040000                        . = ALIGN (0x8)
                0x20040000                        __main_stack_base__ = .
                0x20040400                        . = (. + __main_stack_size__)
 *fill*         0x20040000      0x400 
                0x20040400                        . = ALIGN (0x8)
                0x20040400                        __main_stack_end__ = .

.pstack         0x20040400      0x800
                0x20040400                        . = ALIGN (0x8)
                0x20040400                        __process_stack_base__ = .
                0x20040400                        __main_thread_stack_base__ = .
                0x20040c00                        . = (. + __process_stack_size__)
 *fill*         0x20040400      0x800 
                0x20040c00                        . = ALIGN (0x8)
                0x20040c00                        __process_stack_end__ = .
                0x20040c00                        __main_thread_stack_end__ = .
                0x00000400                        __c1_main_stack_size__ = __main_stack_size__
                0x00000800                        __c1_process_stack_size__ = __process_stack_size__

.c1_mstack      0x20041000      0x400
                0x20041000                        . = ALIGN (0x8)
                0x20041000                        __c1_main_stack_base__ = .
                0x20041400                        . = (. + __c1_main_stack_size__)
 *fill*         0x20041000      0x400 
                0x20041400                        . = ALIGN (0x8)
                0x20041400                        __c1_main_stack_end__ = .

.c1_pstack      0x20041400      0x800
                0x20041400                        . = ALIGN (0x8)
                0x20041400                        __c1_process_stack_base__ = .
                0x20041400                        __c1_main_thread_stack_base__ = .
                0x20041c00                        . = (. + __c1_process_stack_size__)
 *fill*         0x20041400      0x800 
                0x20041c00                        . = ALIGN (0x8)
                0x20041c00                        __c1_process_stack_end__ = .
                0x20041c00                        __c1_main_thread_stack_end__ = .

.vectors        0x10000100       0xc0
                0x10000100                        __textvectors_base__ = LOADADDR (.vectors)
                0x10000100                        __vectors_base__ = .
 *(.vectors)
 .vectors       0x10000100       0xc0 .build/obj_cloneshochat_v2_syn_via/./lib/chibios/os/common/startup/ARMCMx/compilers/GCC/vectors.o
                0x10000100                _vectors
                0x100001c0                        __vectors_end__ = .

.xtors          0x100001c0        0x0
                0x100001c0                        __init_array_base__ = .
 *(SORT_BY_NAME(.init_array.*))
 *(.init_array)
                0x100001c0                        __init_array_end__ = .
                0x100001c0                        __fini_array_base__ = .
 *(.fini_array)
 *(SORT_BY_NAME(.fini_array.*))
                0x100001c0                        __fini_array_end__ = .

.text           0x100001c0     0x66b0
                0x100001c0                        __text_base__ = .
 *(.text)
 .text          0x100001c0      0x104 .build/obj_cloneshochat_v2_syn_via/./lib/chibios/os/common/startup/ARMCMx/compilers/GCC/crt0_v6m.o
                0x100001c0                _crt0_entry
 .text          0x100002c4        0x8 .build/obj_cloneshochat_v2_syn_via/./lib/chibios/os/common/startup/ARMCMx/compilers/GCC/vectors.o
                0x100002c4                Reset_Handler
                0x100002c6                Vector9C
                0x100002c6                VectorAC
                0x100002c6                DebugMon_Handler
                0x100002c6                Vector5C
                0x100002c6                HardFault_Handler
                0x100002c6                Vector8C
                0x100002c6                SysTick_Handler
                0x100002c6                PendSV_Handler
                0x100002c6                Vector94
                0x100002c6                VectorA8
                0x100002c6                VectorB4
                0x100002c6                Vector74
                0x100002c6                UsageFault_Handler
                0x100002c6                VectorBC
                0x100002c6                Vector64
                0x100002c6                Vector58
                0x100002c6                Vector98
                0x100002c6                Vector24
                0x100002c6                Vector84
                0x100002c6                SecureFault_Handler
                0x100002c6                MemManage_Handler
                0x100002c6                Vector6C
                0x100002c6                VectorA0
                0x100002c6                SVC_Handler
                0x100002c6                VectorB0
                0x100002c6                Vector90
                0x100002c6                Vector60
                0x100002c6                Vector70
                0x100002c6                Vector68
                0x100002c6                Vector78
                0x100002c6                VectorA4
                0x100002c6                Vector88
                0x100002c6                BusFault_Handler
                0x100002c6                Vector50
                0x100002c6                Vector28
                0x100002c6                VectorB8
                0x100002c6                Vector34
                0x100002c6                Vector20
                0x100002ca                _unhandled_exception
 .text          0x100002cc       0x48 .build/obj_cloneshochat_v2_syn_via/./lib/chibios/os/common/ports/ARMv6-M-RP2/compilers/GCC/chcoreasm.o
                0x100002cc                __port_switch
                0x100002ec                __port_thread_start
                0x100002fe                __port_switch_from_isr
                0x10000302                __port_exit_from_isr
 .text          0x10000314       0x14 C:/QMK_MSYS/mingw64/bin/../lib/gcc/arm-none-eabi/13.3.0/thumb/v6-m/nofp\libgcc.a(_thumb1_case_sqi.o)
                0x10000314                __gnu_thumb1_case_sqi
 .text          0x10000328       0x14 C:/QMK_MSYS/mingw64/bin/../lib/gcc/arm-none-eabi/13.3.0/thumb/v6-m/nofp\libgcc.a(_thumb1_case_uqi.o)
                0x10000328                __gnu_thumb1_case_uqi
 .text          0x1000033c       0x14 C:/QMK_MSYS/mingw64/bin/../lib/gcc/arm-none-eabi/13.3.0/thumb/v6-m/nofp\libgcc.a(_thumb1_case_uhi.o)
                0x1000033c                __gnu_thumb1_case_uhi
 .text          0x10000350        0x4 C:/QMK_MSYS/mingw64/bin/../lib/gcc/arm-none-eabi/13.3.0/thumb/v6-m/nofp\libgcc.a(_dvmd_tls.o)
                0x10000350                __aeabi_idiv0
                0x10000350                __aeabi_ldiv0
 .text          0x10000354       0x44 C:/QMK_MSYS/mingw64/bin/../lib/gcc/arm-none-eabi/13.3.0/../../../../arm-none-eabi/lib/thumb/v6-m/nofp\libg_nano.a(libc_a-memcmp.o)
                0x10000354                memcmp
 .text          0x10000398       0xa8 C:/QMK_MSYS/mingw64/bin/../lib/gcc/arm-none-eabi/13.3.0/../../../../arm-none-eabi/lib/thumb/v6-m/nofp\libg_nano.a(libc_a-memset.o)
                0x10000398                memset
 .text          0x10000440       0x90 C:/QMK_MSYS/mingw64/bin/../lib/gcc/arm-none-eabi/13.3.0/../../../../arm-none-eabi/lib/thumb/v6-m/nofp\libg_nano.a(libc_a-memcpy-stub.o)
                0x10000440                memcpy
 *(.text.*)
 .text.keycode_at_keymap_location_raw
                0x100004d0       0x2c .build/obj_cloneshochat_v2_syn_via/quantum/keymap_introspection.o
                0x100004d0                keycode_at_keymap_location_raw
 .text.pre_process_record_user
                0x100004fc        0x4 .build/obj_cloneshochat_v2_syn_via/quantum/quantum.o
                0x100004fc                pre_process_record_user
 .text.pre_process_record_kb
                0x10000500        0x8 .build/obj_cloneshochat_v2_syn_via/quantum/quantum.o
                0x10000500                pre_process_record_kb
 .text.process_action_kb
                0x10000508        0x4 .build/obj_cloneshochat_v2_syn_via/quantum/quantum.o
                0x10000508                process_action_kb
 .text.process_record_user
                0x1000050c        0x4 .build/obj_cloneshochat_v2_syn_via/quantum/quantum.o
                0x1000050c                process_record_user
 .text.process_record_kb
                0x10000510        0x8 .build/obj_cloneshochat_v2_syn_via/quantum/quantum.o
                0x10000510                process_record_kb
 .text.post_process_record_user
                0x10000518        0x2 .build/obj_cloneshochat_v2_syn_via/quantum/quantum.o
                0x10000518                post_process_record_user
 .text.post_process_record_kb
                0x1000051a        0x8 .build/obj_cloneshochat_v2_syn_via/quantum/quantum.o
                0x1000051a                post_process_record_kb
 *fill*         0x10000522        0x2 
 .text.get_event_keycode
                0x10000524       0x4c .build/obj_cloneshochat_v2_syn_via/quantum/quantum.o
                0x10000524                get_event_keycode
 .text.get_record_keycode
                0x10000570       0x16 .build/obj_cloneshochat_v2_syn_via/quantum/quantum.o
                0x10000570                get_record_keycode
 .text.pre_process_record_quantum
                0x10000586       0x12 .build/obj_cloneshochat_v2_syn_via/quantum/quantum.o
                0x10000586                pre_process_record_quantum
 .text.post_process_record_quantum
                0x10000598       0x12 .build/obj_cloneshochat_v2_syn_via/quantum/quantum.o
                0x10000598                post_process_record_quantum
 .text.shutdown_user
                0x100005aa        0x4 .build/obj_cloneshochat_v2_syn_via/quantum/quantum.o
                0x100005aa                shutdown_user
 .text.shutdown_kb
                0x100005ae        0x8 .build/obj_cloneshochat_v2_syn_via/quantum/quantum.o
                0x100005ae                shutdown_kb
 *fill*         0x100005b6        0x2 
 .text.shutdown_quantum
                0x100005b8       0x1c .build/obj_cloneshochat_v2_syn_via/quantum/quantum.o
                0x100005b8                shutdown_quantum
 .text.reset_keyboard
                0x100005d4        0xe .build/obj_cloneshochat_v2_syn_via/quantum/quantum.o
                0x100005d4                reset_keyboard
 .text.soft_reset_keyboard
                0x100005e2        0xe .build/obj_cloneshochat_v2_syn_via/quantum/quantum.o
                0x100005e2                soft_reset_keyboard
 .text.process_record_quantum
                0x100005f0       0xc0 .build/obj_cloneshochat_v2_syn_via/quantum/quantum.o
                0x100005f0                process_record_quantum
 .text.suspend_power_down_quantum
                0x100006b0        0xc .build/obj_cloneshochat_v2_syn_via/quantum/quantum.o
                0x100006b0                suspend_power_down_quantum
 .text.suspend_wakeup_init_quantum
                0x100006bc        0xc .build/obj_cloneshochat_v2_syn_via/quantum/quantum.o
                0x100006bc                suspend_wakeup_init_quantum
 .text.led_set_user
                0x100006c8        0x2 .build/obj_cloneshochat_v2_syn_via/quantum/led.o
                0x100006c8                led_set_user
 .text.led_update_user
                0x100006ca        0x4 .build/obj_cloneshochat_v2_syn_via/quantum/led.o
                0x100006ca                led_update_user
 .text.led_update_ports
                0x100006ce        0x2 .build/obj_cloneshochat_v2_syn_via/quantum/led.o
                0x100006ce                led_update_ports
 .text.led_update_kb
                0x100006d0       0x16 .build/obj_cloneshochat_v2_syn_via/quantum/led.o
                0x100006d0                led_update_kb
 .text.led_init_ports
                0x100006e6        0x2 .build/obj_cloneshochat_v2_syn_via/quantum/led.o
                0x100006e6                led_init_ports
 .text.led_set  0x100006e8       0x10 .build/obj_cloneshochat_v2_syn_via/quantum/led.o
                0x100006e8                led_set
 .text.led_suspend
                0x100006f8        0xa .build/obj_cloneshochat_v2_syn_via/quantum/led.o
                0x100006f8                led_suspend
 .text.led_wakeup
                0x10000702        0xc .build/obj_cloneshochat_v2_syn_via/quantum/led.o
                0x10000702                led_wakeup
 *fill*         0x1000070e        0x2 
 .text.led_task
                0x10000710       0x2c .build/obj_cloneshochat_v2_syn_via/quantum/led.o
                0x10000710                led_task
 .text.action_exec
                0x1000073c       0x42 .build/obj_cloneshochat_v2_syn_via/quantum/action.o
                0x1000073c                action_exec
 .text.process_record_tap_hint
                0x1000077e       0x10 .build/obj_cloneshochat_v2_syn_via/quantum/action.o
                0x1000077e                process_record_tap_hint
 .text.register_mouse
                0x1000078e       0x16 .build/obj_cloneshochat_v2_syn_via/quantum/action.o
                0x1000078e                register_mouse
 .text.register_code
                0x100007a4       0x88 .build/obj_cloneshochat_v2_syn_via/quantum/action.o
                0x100007a4                register_code
 .text.unregister_code
                0x1000082c       0x6a .build/obj_cloneshochat_v2_syn_via/quantum/action.o
                0x1000082c                unregister_code
 *fill*         0x10000896        0x2 
 .text.tap_code_delay
                0x10000898       0x44 .build/obj_cloneshochat_v2_syn_via/quantum/action.o
                0x10000898                tap_code_delay
 .text.tap_code
                0x100008dc       0x10 .build/obj_cloneshochat_v2_syn_via/quantum/action.o
                0x100008dc                tap_code
 .text.register_mods
                0x100008ec       0x10 .build/obj_cloneshochat_v2_syn_via/quantum/action.o
                0x100008ec                register_mods
 .text.unregister_mods
                0x100008fc       0x10 .build/obj_cloneshochat_v2_syn_via/quantum/action.o
                0x100008fc                unregister_mods
 .text.process_action
                0x1000090c      0x3c8 .build/obj_cloneshochat_v2_syn_via/quantum/action.o
                0x1000090c                process_action
 .text.process_record_handler
                0x10000cd4       0x20 .build/obj_cloneshochat_v2_syn_via/quantum/action.o
                0x10000cd4                process_record_handler
 .text.process_record
                0x10000cf4       0x44 .build/obj_cloneshochat_v2_syn_via/quantum/action.o
                0x10000cf4                process_record
 .text.clear_keyboard_but_mods_and_keys
                0x10000d38       0x20 .build/obj_cloneshochat_v2_syn_via/quantum/action.o
                0x10000d38                clear_keyboard_but_mods_and_keys
 .text.clear_keyboard_but_mods
                0x10000d58        0xc .build/obj_cloneshochat_v2_syn_via/quantum/action.o
                0x10000d58                clear_keyboard_but_mods
 .text.clear_keyboard
                0x10000d64        0xc .build/obj_cloneshochat_v2_syn_via/quantum/action.o
                0x10000d64                clear_keyboard
 .text.is_tap_action
                0x10000d70       0x4c .build/obj_cloneshochat_v2_syn_via/quantum/action.o
                0x10000d70                is_tap_action
 .text.is_tap_record
                0x10000dbc       0x18 .build/obj_cloneshochat_v2_syn_via/quantum/action.o
                0x10000dbc                is_tap_record
 .text.debug_event
                0x10000dd4        0x6 .build/obj_cloneshochat_v2_syn_via/quantum/action.o
                0x10000dd4                debug_event
 .text.debug_record
                0x10000dda        0x6 .build/obj_cloneshochat_v2_syn_via/quantum/action.o
                0x10000dda                debug_record
 .text.default_layer_state_set_user
                0x10000de0        0x2 .build/obj_cloneshochat_v2_syn_via/quantum/action_layer.o
                0x10000de0                default_layer_state_set_user
 .text.default_layer_state_set_kb
                0x10000de2        0x8 .build/obj_cloneshochat_v2_syn_via/quantum/action_layer.o
                0x10000de2                default_layer_state_set_kb
 *fill*         0x10000dea        0x2 
 .text.default_layer_state_set
                0x10000dec       0x10 .build/obj_cloneshochat_v2_syn_via/quantum/action_layer.o
 .text.default_layer_debug
                0x10000dfc        0x2 .build/obj_cloneshochat_v2_syn_via/quantum/action_layer.o
                0x10000dfc                default_layer_debug
 .text.default_layer_set
                0x10000dfe        0x8 .build/obj_cloneshochat_v2_syn_via/quantum/action_layer.o
                0x10000dfe                default_layer_set
 *fill*         0x10000e06        0x2 
 .text.default_layer_or
                0x10000e08       0x14 .build/obj_cloneshochat_v2_syn_via/quantum/action_layer.o
                0x10000e08                default_layer_or
 .text.default_layer_and
                0x10000e1c       0x14 .build/obj_cloneshochat_v2_syn_via/quantum/action_layer.o
                0x10000e1c                default_layer_and
 .text.default_layer_xor
                0x10000e30       0x14 .build/obj_cloneshochat_v2_syn_via/quantum/action_layer.o
                0x10000e30                default_layer_xor
 .text.layer_state_set_user
                0x10000e44        0x2 .build/obj_cloneshochat_v2_syn_via/quantum/action_layer.o
                0x10000e44                layer_state_set_user
 .text.layer_state_set_kb
                0x10000e46        0x8 .build/obj_cloneshochat_v2_syn_via/quantum/action_layer.o
                0x10000e46                layer_state_set_kb
 *fill*         0x10000e4e        0x2 
 .text.layer_state_set
                0x10000e50       0x10 .build/obj_cloneshochat_v2_syn_via/quantum/action_layer.o
                0x10000e50                layer_state_set
 .text.layer_clear
                0x10000e60        0xa .build/obj_cloneshochat_v2_syn_via/quantum/action_layer.o
                0x10000e60                layer_clear
 .text.layer_move
                0x10000e6a        0xe .build/obj_cloneshochat_v2_syn_via/quantum/action_layer.o
                0x10000e6a                layer_move
 .text.layer_on
                0x10000e78       0x18 .build/obj_cloneshochat_v2_syn_via/quantum/action_layer.o
                0x10000e78                layer_on
 .text.layer_off
                0x10000e90       0x18 .build/obj_cloneshochat_v2_syn_via/quantum/action_layer.o
                0x10000e90                layer_off
 .text.layer_invert
                0x10000ea8       0x18 .build/obj_cloneshochat_v2_syn_via/quantum/action_layer.o
                0x10000ea8                layer_invert
 .text.layer_or
                0x10000ec0       0x14 .build/obj_cloneshochat_v2_syn_via/quantum/action_layer.o
                0x10000ec0                layer_or
 .text.layer_and
                0x10000ed4       0x14 .build/obj_cloneshochat_v2_syn_via/quantum/action_layer.o
                0x10000ed4                layer_and
 .text.layer_xor
                0x10000ee8       0x14 .build/obj_cloneshochat_v2_syn_via/quantum/action_layer.o
                0x10000ee8                layer_xor
 .text.layer_debug
                0x10000efc        0x2 .build/obj_cloneshochat_v2_syn_via/quantum/action_layer.o
                0x10000efc                layer_debug
 .text.update_source_layers_cache_impl
                0x10000efe       0x32 .build/obj_cloneshochat_v2_syn_via/quantum/action_layer.o
                0x10000efe                update_source_layers_cache_impl
 .text.read_source_layers_cache_impl
                0x10000f30       0x28 .build/obj_cloneshochat_v2_syn_via/quantum/action_layer.o
                0x10000f30                read_source_layers_cache_impl
 .text.update_source_layers_cache
                0x10000f58       0x28 .build/obj_cloneshochat_v2_syn_via/quantum/action_layer.o
                0x10000f58                update_source_layers_cache
 .text.read_source_layers_cache
                0x10000f80       0x28 .build/obj_cloneshochat_v2_syn_via/quantum/action_layer.o
                0x10000f80                read_source_layers_cache
 .text.layer_switch_get_layer
                0x10000fa8       0x44 .build/obj_cloneshochat_v2_syn_via/quantum/action_layer.o
                0x10000fa8                layer_switch_get_layer
 .text.layer_switch_get_action
                0x10000fec       0x14 .build/obj_cloneshochat_v2_syn_via/quantum/action_layer.o
                0x10000fec                layer_switch_get_action
 .text.store_or_get_action
                0x10001000       0x44 .build/obj_cloneshochat_v2_syn_via/quantum/action_layer.o
                0x10001000                store_or_get_action
 .text.update_tri_layer_state
                0x10001044       0x2a .build/obj_cloneshochat_v2_syn_via/quantum/action_layer.o
                0x10001044                update_tri_layer_state
 *fill*         0x1000106e        0x2 
 .text.update_tri_layer
                0x10001070       0x1c .build/obj_cloneshochat_v2_syn_via/quantum/action_layer.o
                0x10001070                update_tri_layer
 .text.debug_waiting_buffer
                0x1000108c       0x40 .build/obj_cloneshochat_v2_syn_via/quantum/action_tapping.o
 .text.debug_tapping_key
                0x100010cc       0x20 .build/obj_cloneshochat_v2_syn_via/quantum/action_tapping.o
 .text.waiting_buffer_scan_tap
                0x100010ec       0x7c .build/obj_cloneshochat_v2_syn_via/quantum/action_tapping.o
 .text.waiting_buffer_typed.isra.0
                0x10001168       0x48 .build/obj_cloneshochat_v2_syn_via/quantum/action_tapping.o
 .text.process_tapping
                0x100011b0      0x258 .build/obj_cloneshochat_v2_syn_via/quantum/action_tapping.o
 .text.action_tapping_process
                0x10001408       0xc0 .build/obj_cloneshochat_v2_syn_via/quantum/action_tapping.o
                0x10001408                action_tapping_process
 .text.get_oneshot_layer
                0x100014c8        0xc .build/obj_cloneshochat_v2_syn_via/quantum/action_util.o
                0x100014c8                get_oneshot_layer
 .text.get_oneshot_layer_state
                0x100014d4       0x10 .build/obj_cloneshochat_v2_syn_via/quantum/action_util.o
                0x100014d4                get_oneshot_layer_state
 .text.is_oneshot_layer_active
                0x100014e4       0x14 .build/obj_cloneshochat_v2_syn_via/quantum/action_util.o
                0x100014e4                is_oneshot_layer_active
 .text.get_mods
                0x100014f8        0xc .build/obj_cloneshochat_v2_syn_via/quantum/action_util.o
                0x100014f8                get_mods
 .text.add_mods
                0x10001504       0x10 .build/obj_cloneshochat_v2_syn_via/quantum/action_util.o
                0x10001504                add_mods
 .text.del_mods
                0x10001514       0x10 .build/obj_cloneshochat_v2_syn_via/quantum/action_util.o
                0x10001514                del_mods
 .text.clear_mods
                0x10001524        0xc .build/obj_cloneshochat_v2_syn_via/quantum/action_util.o
                0x10001524                clear_mods
 .text.add_weak_mods
                0x10001530       0x10 .build/obj_cloneshochat_v2_syn_via/quantum/action_util.o
                0x10001530                add_weak_mods
 .text.del_weak_mods
                0x10001540       0x10 .build/obj_cloneshochat_v2_syn_via/quantum/action_util.o
                0x10001540                del_weak_mods
 .text.clear_weak_mods
                0x10001550        0xc .build/obj_cloneshochat_v2_syn_via/quantum/action_util.o
                0x10001550                clear_weak_mods
 .text.oneshot_locked_mods_changed_user
                0x1000155c        0x2 .build/obj_cloneshochat_v2_syn_via/quantum/action_util.o
                0x1000155c                oneshot_locked_mods_changed_user
 .text.oneshot_locked_mods_changed_kb
                0x1000155e        0x8 .build/obj_cloneshochat_v2_syn_via/quantum/action_util.o
                0x1000155e                oneshot_locked_mods_changed_kb
 *fill*         0x10001566        0x2 
 .text.del_oneshot_locked_mods
                0x10001568       0x1c .build/obj_cloneshochat_v2_syn_via/quantum/action_util.o
                0x10001568                del_oneshot_locked_mods
 .text.oneshot_mods_changed_user
                0x10001584        0x2 .build/obj_cloneshochat_v2_syn_via/quantum/action_util.o
                0x10001584                oneshot_mods_changed_user
 .text.oneshot_mods_changed_kb
                0x10001586        0x8 .build/obj_cloneshochat_v2_syn_via/quantum/action_util.o
                0x10001586                oneshot_mods_changed_kb
 *fill*         0x1000158e        0x2 
 .text.add_oneshot_mods
                0x10001590       0x1c .build/obj_cloneshochat_v2_syn_via/quantum/action_util.o
                0x10001590                add_oneshot_mods
 .text.del_oneshot_mods
                0x100015ac       0x1c .build/obj_cloneshochat_v2_syn_via/quantum/action_util.o
                0x100015ac                del_oneshot_mods
 .text.clear_oneshot_mods
                0x100015c8       0x18 .build/obj_cloneshochat_v2_syn_via/quantum/action_util.o
                0x100015c8                clear_oneshot_mods
 .text.get_mods_for_report
                0x100015e0       0x34 .build/obj_cloneshochat_v2_syn_via/quantum/action_util.o
 .text.send_6kro_report
                0x10001614       0x38 .build/obj_cloneshochat_v2_syn_via/quantum/action_util.o
                0x10001614                send_6kro_report
 .text.send_nkro_report
                0x1000164c       0x38 .build/obj_cloneshochat_v2_syn_via/quantum/action_util.o
                0x1000164c                send_nkro_report
 .text.send_keyboard_report
                0x10001684       0x28 .build/obj_cloneshochat_v2_syn_via/quantum/action_util.o
                0x10001684                send_keyboard_report
 .text.oneshot_layer_changed_user
                0x100016ac        0x2 .build/obj_cloneshochat_v2_syn_via/quantum/action_util.o
                0x100016ac                oneshot_layer_changed_user
 .text.oneshot_layer_changed_kb
                0x100016ae        0x8 .build/obj_cloneshochat_v2_syn_via/quantum/action_util.o
                0x100016ae                oneshot_layer_changed_kb
 *fill*         0x100016b6        0x2 
 .text.set_oneshot_layer
                0x100016b8       0x30 .build/obj_cloneshochat_v2_syn_via/quantum/action_util.o
                0x100016b8                set_oneshot_layer
 .text.reset_oneshot_layer
                0x100016e8       0x14 .build/obj_cloneshochat_v2_syn_via/quantum/action_util.o
                0x100016e8                reset_oneshot_layer
 .text.clear_oneshot_layer_state
                0x100016fc       0x30 .build/obj_cloneshochat_v2_syn_via/quantum/action_util.o
                0x100016fc                clear_oneshot_layer_state
 .text.oneshot_set
                0x1000172c       0x30 .build/obj_cloneshochat_v2_syn_via/quantum/action_util.o
                0x1000172c                oneshot_set
 .text.oneshot_toggle
                0x1000175c       0x18 .build/obj_cloneshochat_v2_syn_via/quantum/action_util.o
                0x1000175c                oneshot_toggle
 .text.oneshot_enable
                0x10001774        0xa .build/obj_cloneshochat_v2_syn_via/quantum/action_util.o
                0x10001774                oneshot_enable
 .text.oneshot_disable
                0x1000177e        0xa .build/obj_cloneshochat_v2_syn_via/quantum/action_util.o
                0x1000177e                oneshot_disable
 .text.eeconfig_disable
                0x10001788       0x14 .build/obj_cloneshochat_v2_syn_via/quantum/eeconfig.o
                0x10001788                eeconfig_disable
 .text.eeconfig_is_enabled
                0x1000179c       0x1c .build/obj_cloneshochat_v2_syn_via/quantum/eeconfig.o
                0x1000179c                eeconfig_is_enabled
 .text.eeconfig_read_debug
                0x100017b8        0xa .build/obj_cloneshochat_v2_syn_via/quantum/eeconfig.o
                0x100017b8                eeconfig_read_debug
 .text.eeconfig_read_default_layer
                0x100017c2        0xa .build/obj_cloneshochat_v2_syn_via/quantum/eeconfig.o
                0x100017c2                eeconfig_read_default_layer
 .text.eeconfig_read_keymap
                0x100017cc        0xa .build/obj_cloneshochat_v2_syn_via/quantum/eeconfig.o
                0x100017cc                eeconfig_read_keymap
 .text.eeconfig_update_keymap
                0x100017d6        0xc .build/obj_cloneshochat_v2_syn_via/quantum/eeconfig.o
                0x100017d6                eeconfig_update_keymap
 .text.eeconfig_update_kb
                0x100017e2        0xc .build/obj_cloneshochat_v2_syn_via/quantum/eeconfig.o
                0x100017e2                eeconfig_update_kb
 .text.eeconfig_update_user
                0x100017ee        0xc .build/obj_cloneshochat_v2_syn_via/quantum/eeconfig.o
                0x100017ee                eeconfig_update_user
 .text.eeconfig_init_user
                0x100017fa        0xa .build/obj_cloneshochat_v2_syn_via/quantum/eeconfig.o
                0x100017fa                eeconfig_init_user
 .text.eeconfig_init_kb
                0x10001804        0xe .build/obj_cloneshochat_v2_syn_via/quantum/eeconfig.o
                0x10001804                eeconfig_init_kb
 *fill*         0x10001812        0x2 
 .text.eeconfig_init_quantum
                0x10001814       0x98 .build/obj_cloneshochat_v2_syn_via/quantum/eeconfig.o
                0x10001814                eeconfig_init_quantum
 .text.eeconfig_init
                0x100018ac        0x8 .build/obj_cloneshochat_v2_syn_via/quantum/eeconfig.o
                0x100018ac                eeconfig_init
 .text.eeconfig_update_handedness
                0x100018b4        0xc .build/obj_cloneshochat_v2_syn_via/quantum/eeconfig.o
                0x100018b4                eeconfig_update_handedness
 .text.generate_tick_event
                0x100018c0       0x30 .build/obj_cloneshochat_v2_syn_via/quantum/keyboard.o
 .text.last_matrix_activity_trigger
                0x100018f0       0x18 .build/obj_cloneshochat_v2_syn_via/quantum/keyboard.o
                0x100018f0                last_matrix_activity_trigger
 .text.matrix_setup
                0x10001908        0x2 .build/obj_cloneshochat_v2_syn_via/quantum/keyboard.o
                0x10001908                matrix_setup
 .text.keyboard_pre_init_user
                0x1000190a        0x2 .build/obj_cloneshochat_v2_syn_via/quantum/keyboard.o
                0x1000190a                keyboard_pre_init_user
 .text.keyboard_pre_init_kb
                0x1000190c        0x8 .build/obj_cloneshochat_v2_syn_via/quantum/keyboard.o
                0x1000190c                keyboard_pre_init_kb
 .text.keyboard_post_init_user
                0x10001914        0x2 .build/obj_cloneshochat_v2_syn_via/quantum/keyboard.o
                0x10001914                keyboard_post_init_user
 .text.keyboard_post_init_kb
                0x10001916        0x8 .build/obj_cloneshochat_v2_syn_via/quantum/keyboard.o
                0x10001916                keyboard_post_init_kb
 .text.matrix_can_read
                0x1000191e        0x4 .build/obj_cloneshochat_v2_syn_via/quantum/keyboard.o
                0x1000191e                matrix_can_read
 *fill*         0x10001922        0x2 
 .text.keyboard_setup
                0x10001924       0x1c .build/obj_cloneshochat_v2_syn_via/quantum/keyboard.o
                0x10001924                keyboard_setup
 .text.is_keyboard_master
                0x10001940        0x4 .build/obj_cloneshochat_v2_syn_via/quantum/keyboard.o
                0x10001940                is_keyboard_master
 .text.should_process_keypress
                0x10001944        0x8 .build/obj_cloneshochat_v2_syn_via/quantum/keyboard.o
                0x10001944                should_process_keypress
 .text.housekeeping_task_kb
                0x1000194c        0x2 .build/obj_cloneshochat_v2_syn_via/quantum/keyboard.o
                0x1000194c                housekeeping_task_kb
 .text.housekeeping_task_user
                0x1000194e        0x2 .build/obj_cloneshochat_v2_syn_via/quantum/keyboard.o
                0x1000194e                housekeeping_task_user
 .text.housekeeping_task
                0x10001950        0xc .build/obj_cloneshochat_v2_syn_via/quantum/keyboard.o
                0x10001950                housekeeping_task
 .text.quantum_init
                0x1000195c       0x40 .build/obj_cloneshochat_v2_syn_via/quantum/keyboard.o
                0x1000195c                quantum_init
 .text.keyboard_init
                0x1000199c       0x1c .build/obj_cloneshochat_v2_syn_via/quantum/keyboard.o
                0x1000199c                keyboard_init
 .text.keyboard_task
                0x100019b8       0xd4 .build/obj_cloneshochat_v2_syn_via/quantum/keyboard.o
                0x100019b8                keyboard_task
 .text.action_for_keycode
                0x10001a8c      0x1d4 .build/obj_cloneshochat_v2_syn_via/quantum/keymap_common.o
                0x10001a8c                action_for_keycode
 .text.keymap_key_to_keycode
                0x10001c60       0x20 .build/obj_cloneshochat_v2_syn_via/quantum/keymap_common.o
                0x10001c60                keymap_key_to_keycode
 .text.action_for_key
                0x10001c80       0x12 .build/obj_cloneshochat_v2_syn_via/quantum/keymap_common.o
                0x10001c80                action_for_key
 *fill*         0x10001c92        0x2 
 .text.keycode_config
                0x10001c94      0x124 .build/obj_cloneshochat_v2_syn_via/quantum/keycode_config.o
                0x10001c94                keycode_config
 .text.mod_config
                0x10001db8       0x98 .build/obj_cloneshochat_v2_syn_via/quantum/keycode_config.o
                0x10001db8                mod_config
 .text.sendchar
                0x10001e50        0x4 .build/obj_cloneshochat_v2_syn_via/quantum/logging/sendchar.o
                0x10001e50                sendchar
 .text.null_sendchar_func
                0x10001e54        0x4 .build/obj_cloneshochat_v2_syn_via/quantum/logging/print.o
 .text.print_set_sendchar
                0x10001e58        0xc .build/obj_cloneshochat_v2_syn_via/quantum/logging/print.o
                0x10001e58                print_set_sendchar
 .text.matrix_init_user
                0x10001e64        0x2 .build/obj_cloneshochat_v2_syn_via/quantum/matrix_common.o
                0x10001e64                matrix_init_user
 .text.matrix_init_kb
                0x10001e66        0x8 .build/obj_cloneshochat_v2_syn_via/quantum/matrix_common.o
                0x10001e66                matrix_init_kb
 .text.matrix_scan_user
                0x10001e6e        0x2 .build/obj_cloneshochat_v2_syn_via/quantum/matrix_common.o
                0x10001e6e                matrix_scan_user
 .text.matrix_scan_kb
                0x10001e70        0x8 .build/obj_cloneshochat_v2_syn_via/quantum/matrix_common.o
                0x10001e70                matrix_scan_kb
 .text.matrix_get_row
                0x10001e78        0xc .build/obj_cloneshochat_v2_syn_via/quantum/matrix_common.o
                0x10001e78                matrix_get_row
 .text.matrix_print
                0x10001e84        0x2 .build/obj_cloneshochat_v2_syn_via/quantum/matrix_common.o
                0x10001e84                matrix_print
 *fill*         0x10001e86        0x2 
 .text.matrix_init_pins
                0x10001e88       0x50 .build/obj_cloneshochat_v2_syn_via/quantum/matrix.o
                0x10001e88                matrix_init_pins
 .text.matrix_read_cols_on_row
                0x10001ed8       0x48 .build/obj_cloneshochat_v2_syn_via/quantum/matrix.o
                0x10001ed8                matrix_read_cols_on_row
 .text.matrix_init
                0x10001f20       0x30 .build/obj_cloneshochat_v2_syn_via/quantum/matrix.o
                0x10001f20                matrix_init
 .text.matrix_scan
                0x10001f50       0x64 .build/obj_cloneshochat_v2_syn_via/quantum/matrix.o
                0x10001f50                matrix_scan
 .text.debounce_init
                0x10001fb4        0x2 .build/obj_cloneshochat_v2_syn_via/quantum/debounce/sym_defer_g.o
                0x10001fb4                debounce_init
 *fill*         0x10001fb6        0x2 
 .text.debounce
                0x10001fb8       0x5c .build/obj_cloneshochat_v2_syn_via/quantum/debounce/sym_defer_g.o
                0x10001fb8                debounce
 .text.protocol_init
                0x10002014       0x10 .build/obj_cloneshochat_v2_syn_via/quantum/main.o
                0x10002014                protocol_init
 .text.protocol_task
                0x10002024       0x10 .build/obj_cloneshochat_v2_syn_via/quantum/main.o
                0x10002024                protocol_task
 .text.startup.main
                0x10002034       0x1c .build/obj_cloneshochat_v2_syn_via/quantum/main.o
                0x10002034                main
 .text.eeprom_read_byte
                0x10002050       0x1a .build/obj_cloneshochat_v2_syn_via/eeprom_driver.o
                0x10002050                eeprom_read_byte
 .text.eeprom_read_word
                0x1000206a       0x1a .build/obj_cloneshochat_v2_syn_via/eeprom_driver.o
                0x1000206a                eeprom_read_word
 .text.eeprom_read_dword
                0x10002084       0x14 .build/obj_cloneshochat_v2_syn_via/eeprom_driver.o
                0x10002084                eeprom_read_dword
 .text.eeprom_write_byte
                0x10002098       0x14 .build/obj_cloneshochat_v2_syn_via/eeprom_driver.o
                0x10002098                eeprom_write_byte
 .text.eeprom_write_word
                0x100020ac       0x14 .build/obj_cloneshochat_v2_syn_via/eeprom_driver.o
                0x100020ac                eeprom_write_word
 .text.eeprom_write_dword
                0x100020c0       0x10 .build/obj_cloneshochat_v2_syn_via/eeprom_driver.o
                0x100020c0                eeprom_write_dword
 .text.eeprom_update_block
                0x100020d0       0x3a .build/obj_cloneshochat_v2_syn_via/eeprom_driver.o
                0x100020d0                eeprom_update_block
 .text.eeprom_update_byte
                0x1000210a       0x18 .build/obj_cloneshochat_v2_syn_via/eeprom_driver.o
                0x1000210a                eeprom_update_byte
 .text.eeprom_update_word
                0x10002122       0x18 .build/obj_cloneshochat_v2_syn_via/eeprom_driver.o
                0x10002122                eeprom_update_word
 .text.eeprom_update_dword
                0x1000213a       0x18 .build/obj_cloneshochat_v2_syn_via/eeprom_driver.o
                0x1000213a                eeprom_update_dword
 .text.eeprom_driver_init
                0x10002152        0x8 .build/obj_cloneshochat_v2_syn_via/eeprom_wear_leveling.o
                0x10002152                eeprom_driver_init
 .text.eeprom_driver_erase
                0x1000215a        0x8 .build/obj_cloneshochat_v2_syn_via/eeprom_wear_leveling.o
                0x1000215a                eeprom_driver_erase
 .text.eeprom_read_block
                0x10002162        0xe .build/obj_cloneshochat_v2_syn_via/eeprom_wear_leveling.o
                0x10002162                eeprom_read_block
 .text.eeprom_write_block
                0x10002170        0xe .build/obj_cloneshochat_v2_syn_via/eeprom_wear_leveling.o
                0x10002170                eeprom_write_block
 *fill*         0x1000217e        0x2 
 .text.wear_leveling_clear_cache
                0x10002180       0x20 .build/obj_cloneshochat_v2_syn_via/wear_leveling.o
 .text.wear_leveling_unlock
                0x100021a0       0x24 .build/obj_cloneshochat_v2_syn_via/wear_leveling.o
 .text.wear_leveling_lock
                0x100021c4       0x28 .build/obj_cloneshochat_v2_syn_via/wear_leveling.o
 .text.wear_leveling_erase
                0x100021ec       0x2e .build/obj_cloneshochat_v2_syn_via/wear_leveling.o
                0x100021ec                wear_leveling_erase
 *fill*         0x1000221a        0x2 
 .text.wear_leveling_read
                0x1000221c       0x24 .build/obj_cloneshochat_v2_syn_via/wear_leveling.o
                0x1000221c                wear_leveling_read
 .text.wear_leveling_consolidate_force
                0x10002240       0x6c .build/obj_cloneshochat_v2_syn_via/wear_leveling.o
 .text.wear_leveling_consolidate_if_needed
                0x100022ac       0x20 .build/obj_cloneshochat_v2_syn_via/wear_leveling.o
 .text.wear_leveling_append_raw
                0x100022cc       0x28 .build/obj_cloneshochat_v2_syn_via/wear_leveling.o
 .text.wear_leveling_write
                0x100022f4      0x160 .build/obj_cloneshochat_v2_syn_via/wear_leveling.o
                0x100022f4                wear_leveling_write
 .text.wear_leveling_init
                0x10002454      0x184 .build/obj_cloneshochat_v2_syn_via/wear_leveling.o
                0x10002454                wear_leveling_init
 .text.backing_store_init
                0x100025d8       0x1c .build/obj_cloneshochat_v2_syn_via/wear_leveling_rp2040_flash.o
                0x100025d8                backing_store_init
 .text.backing_store_unlock
                0x100025f4        0x4 .build/obj_cloneshochat_v2_syn_via/wear_leveling_rp2040_flash.o
                0x100025f4                backing_store_unlock
 .text.backing_store_erase
                0x100025f8       0x28 .build/obj_cloneshochat_v2_syn_via/wear_leveling_rp2040_flash.o
                0x100025f8                backing_store_erase
 .text.backing_store_write_bulk
                0x10002620       0x24 .build/obj_cloneshochat_v2_syn_via/wear_leveling_rp2040_flash.o
                0x10002620                backing_store_write_bulk
 .text.backing_store_write
                0x10002644       0x12 .build/obj_cloneshochat_v2_syn_via/wear_leveling_rp2040_flash.o
                0x10002644                backing_store_write
 .text.backing_store_lock
                0x10002656        0x4 .build/obj_cloneshochat_v2_syn_via/wear_leveling_rp2040_flash.o
                0x10002656                backing_store_lock
 *fill*         0x1000265a        0x2 
 .text.backing_store_read_bulk
                0x1000265c       0x20 .build/obj_cloneshochat_v2_syn_via/wear_leveling_rp2040_flash.o
                0x1000265c                backing_store_read_bulk
 .text.backing_store_read
                0x1000267c        0xa .build/obj_cloneshochat_v2_syn_via/wear_leveling_rp2040_flash.o
                0x1000267c                backing_store_read
 .text.fnv_64a_buf
                0x10002686       0x7a .build/obj_cloneshochat_v2_syn_via/hash_64a.o
                0x10002686                fnv_64a_buf
 .text.bootmagic_reset_eeprom
                0x10002700        0x8 .build/obj_cloneshochat_v2_syn_via/quantum/bootmagic/bootmagic.o
                0x10002700                bootmagic_reset_eeprom
 .text.bootmagic_should_reset
                0x10002708        0xe .build/obj_cloneshochat_v2_syn_via/quantum/bootmagic/bootmagic.o
                0x10002708                bootmagic_should_reset
 *fill*         0x10002716        0x2 
 .text.bootmagic_scan
                0x10002718       0x28 .build/obj_cloneshochat_v2_syn_via/quantum/bootmagic/bootmagic.o
                0x10002718                bootmagic_scan
 .text.bootmagic
                0x10002740        0x8 .build/obj_cloneshochat_v2_syn_via/quantum/bootmagic/bootmagic.o
                0x10002740                bootmagic
 .text.dynamic_keymap_get_layer_count
                0x10002748        0x4 .build/obj_cloneshochat_v2_syn_via/quantum/dynamic_keymap.o
                0x10002748                dynamic_keymap_get_layer_count
 .text.dynamic_keymap_key_to_eeprom_address
                0x1000274c       0x12 .build/obj_cloneshochat_v2_syn_via/quantum/dynamic_keymap.o
                0x1000274c                dynamic_keymap_key_to_eeprom_address
 .text.dynamic_keymap_get_keycode
                0x1000275e       0x2c .build/obj_cloneshochat_v2_syn_via/quantum/dynamic_keymap.o
                0x1000275e                dynamic_keymap_get_keycode
 .text.dynamic_keymap_set_keycode
                0x1000278a       0x26 .build/obj_cloneshochat_v2_syn_via/quantum/dynamic_keymap.o
                0x1000278a                dynamic_keymap_set_keycode
 .text.dynamic_keymap_reset
                0x100027b0       0x3c .build/obj_cloneshochat_v2_syn_via/quantum/dynamic_keymap.o
                0x100027b0                dynamic_keymap_reset
 .text.dynamic_keymap_get_buffer
                0x100027ec       0x28 .build/obj_cloneshochat_v2_syn_via/quantum/dynamic_keymap.o
                0x100027ec                dynamic_keymap_get_buffer
 .text.dynamic_keymap_set_buffer
                0x10002814       0x26 .build/obj_cloneshochat_v2_syn_via/quantum/dynamic_keymap.o
                0x10002814                dynamic_keymap_set_buffer
 .text.keycode_at_keymap_location
                0x1000283a       0x1a .build/obj_cloneshochat_v2_syn_via/quantum/dynamic_keymap.o
                0x1000283a                keycode_at_keymap_location
 .text.dynamic_keymap_macro_get_count
                0x10002854        0x4 .build/obj_cloneshochat_v2_syn_via/quantum/dynamic_keymap.o
                0x10002854                dynamic_keymap_macro_get_count
 .text.dynamic_keymap_macro_get_buffer_size
                0x10002858        0x8 .build/obj_cloneshochat_v2_syn_via/quantum/dynamic_keymap.o
                0x10002858                dynamic_keymap_macro_get_buffer_size
 .text.dynamic_keymap_macro_get_buffer
                0x10002860       0x30 .build/obj_cloneshochat_v2_syn_via/quantum/dynamic_keymap.o
                0x10002860                dynamic_keymap_macro_get_buffer
 .text.dynamic_keymap_macro_set_buffer
                0x10002890       0x2c .build/obj_cloneshochat_v2_syn_via/quantum/dynamic_keymap.o
                0x10002890                dynamic_keymap_macro_set_buffer
 .text.dynamic_keymap_macro_reset
                0x100028bc       0x18 .build/obj_cloneshochat_v2_syn_via/quantum/dynamic_keymap.o
                0x100028bc                dynamic_keymap_macro_reset
 .text.dynamic_keymap_macro_send
                0x100028d4       0xbc .build/obj_cloneshochat_v2_syn_via/quantum/dynamic_keymap.o
                0x100028d4                dynamic_keymap_macro_send
 .text.process_grave_esc
                0x10002990       0x54 .build/obj_cloneshochat_v2_syn_via/quantum/process_keycode/process_grave_esc.o
                0x10002990                process_grave_esc
 .text.process_magic
                0x100029e4      0x1b8 .build/obj_cloneshochat_v2_syn_via/quantum/process_keycode/process_magic.o
                0x100029e4                process_magic
 .text.times_inv_sqrt2
                0x10002b9c       0x22 .build/obj_cloneshochat_v2_syn_via/quantum/mousekey.o
 *fill*         0x10002bbe        0x2 
 .text.move_unit
                0x10002bc0       0x6c .build/obj_cloneshochat_v2_syn_via/quantum/mousekey.o
 .text.wheel_unit
                0x10002c2c       0x68 .build/obj_cloneshochat_v2_syn_via/quantum/mousekey.o
 .text.mousekey_on
                0x10002c94       0xbc .build/obj_cloneshochat_v2_syn_via/quantum/mousekey.o
                0x10002c94                mousekey_on
 .text.mousekey_off
                0x10002d50       0xe8 .build/obj_cloneshochat_v2_syn_via/quantum/mousekey.o
                0x10002d50                mousekey_off
 .text.mousekey_send
                0x10002e38       0x34 .build/obj_cloneshochat_v2_syn_via/quantum/mousekey.o
                0x10002e38                mousekey_send
 .text.mousekey_clear
                0x10002e6c       0x2c .build/obj_cloneshochat_v2_syn_via/quantum/mousekey.o
                0x10002e6c                mousekey_clear
 .text.should_mousekey_report_send
                0x10002e98       0x26 .build/obj_cloneshochat_v2_syn_via/quantum/mousekey.o
                0x10002e98                should_mousekey_report_send
 *fill*         0x10002ebe        0x2 
 .text.mousekey_task
                0x10002ec0      0x1a4 .build/obj_cloneshochat_v2_syn_via/quantum/mousekey.o
                0x10002ec0                mousekey_task
 .text.send_char_with_delay
                0x10003064      0x178 .build/obj_cloneshochat_v2_syn_via/quantum/send_string/send_string.o
                0x10003064                send_char_with_delay
 .text.send_string_with_delay
                0x100031dc       0xd4 .build/obj_cloneshochat_v2_syn_via/quantum/send_string/send_string.o
                0x100031dc                send_string_with_delay
 .text.perform_space_cadet
                0x100032b0       0xb4 .build/obj_cloneshochat_v2_syn_via/quantum/process_keycode/process_space_cadet.o
                0x100032b0                perform_space_cadet
 .text.process_space_cadet
                0x10003364       0xa8 .build/obj_cloneshochat_v2_syn_via/quantum/process_keycode/process_space_cadet.o
                0x10003364                process_space_cadet
 .text.process_tri_layer
                0x1000340c       0x64 .build/obj_cloneshochat_v2_syn_via/quantum/process_keycode/process_tri_layer.o
                0x1000340c                process_tri_layer
 .text.get_tri_layer_lower_layer
                0x10003470        0xc .build/obj_cloneshochat_v2_syn_via/quantum/tri_layer.o
                0x10003470                get_tri_layer_lower_layer
 .text.get_tri_layer_upper_layer
                0x1000347c        0xc .build/obj_cloneshochat_v2_syn_via/quantum/tri_layer.o
                0x1000347c                get_tri_layer_upper_layer
 .text.get_tri_layer_adjust_layer
                0x10003488        0xc .build/obj_cloneshochat_v2_syn_via/quantum/tri_layer.o
                0x10003488                get_tri_layer_adjust_layer
 .text.via_eeprom_is_valid
                0x10003494       0x28 .build/obj_cloneshochat_v2_syn_via/quantum/via.o
                0x10003494                via_eeprom_is_valid
 .text.via_eeprom_set_valid
                0x100034bc       0x2e .build/obj_cloneshochat_v2_syn_via/quantum/via.o
                0x100034bc                via_eeprom_set_valid
 .text.via_init_kb
                0x100034ea        0x2 .build/obj_cloneshochat_v2_syn_via/quantum/via.o
                0x100034ea                via_init_kb
 .text.via_get_layout_options
                0x100034ec        0xa .build/obj_cloneshochat_v2_syn_via/quantum/via.o
                0x100034ec                via_get_layout_options
 .text.via_set_layout_options_kb
                0x100034f6        0x2 .build/obj_cloneshochat_v2_syn_via/quantum/via.o
                0x100034f6                via_set_layout_options_kb
 .text.via_set_layout_options
                0x100034f8       0x12 .build/obj_cloneshochat_v2_syn_via/quantum/via.o
                0x100034f8                via_set_layout_options
 .text.eeconfig_init_via
                0x1000350a       0x1e .build/obj_cloneshochat_v2_syn_via/quantum/via.o
                0x1000350a                eeconfig_init_via
 .text.via_init
                0x10003528       0x1c .build/obj_cloneshochat_v2_syn_via/quantum/via.o
                0x10003528                via_init
 .text.via_set_device_indication
                0x10003544        0x2 .build/obj_cloneshochat_v2_syn_via/quantum/via.o
                0x10003544                via_set_device_indication
 *fill*         0x10003546        0x2 
 .text.process_record_via
                0x10003548       0x24 .build/obj_cloneshochat_v2_syn_via/quantum/via.o
                0x10003548                process_record_via
 .text.via_custom_value_command_kb
                0x1000356c        0x6 .build/obj_cloneshochat_v2_syn_via/quantum/via.o
                0x1000356c                via_custom_value_command_kb
 .text.via_custom_value_command
                0x10003572        0x8 .build/obj_cloneshochat_v2_syn_via/quantum/via.o
                0x10003572                via_custom_value_command
 .text.via_command_kb
                0x1000357a        0x4 .build/obj_cloneshochat_v2_syn_via/quantum/via.o
                0x1000357a                via_command_kb
 .text.raw_hid_receive
                0x1000357e      0x16c .build/obj_cloneshochat_v2_syn_via/quantum/via.o
                0x1000357e                raw_hid_receive
 *fill*         0x100036ea        0x2 
 .text.host_set_driver
                0x100036ec        0xc .build/obj_cloneshochat_v2_syn_via/protocol/host.o
                0x100036ec                host_set_driver
 .text.host_keyboard_leds
                0x100036f8       0x14 .build/obj_cloneshochat_v2_syn_via/protocol/host.o
                0x100036f8                host_keyboard_leds
 .text.host_keyboard_send
                0x1000370c       0x14 .build/obj_cloneshochat_v2_syn_via/protocol/host.o
                0x1000370c                host_keyboard_send
 .text.host_nkro_send
                0x10003720       0x18 .build/obj_cloneshochat_v2_syn_via/protocol/host.o
                0x10003720                host_nkro_send
 .text.host_mouse_send
                0x10003738       0x18 .build/obj_cloneshochat_v2_syn_via/protocol/host.o
                0x10003738                host_mouse_send
 .text.host_system_send
                0x10003750       0x34 .build/obj_cloneshochat_v2_syn_via/protocol/host.o
                0x10003750                host_system_send
 .text.host_consumer_send
                0x10003784       0x34 .build/obj_cloneshochat_v2_syn_via/protocol/host.o
                0x10003784                host_consumer_send
 .text.has_anykey
                0x100037b8       0x4c .build/obj_cloneshochat_v2_syn_via/protocol/report.o
                0x100037b8                has_anykey
 .text.is_key_pressed
                0x10003804       0x64 .build/obj_cloneshochat_v2_syn_via/protocol/report.o
                0x10003804                is_key_pressed
 .text.add_key_byte
                0x10003868       0x2a .build/obj_cloneshochat_v2_syn_via/protocol/report.o
                0x10003868                add_key_byte
 .text.del_key_byte
                0x10003892       0x18 .build/obj_cloneshochat_v2_syn_via/protocol/report.o
                0x10003892                del_key_byte
 .text.add_key_bit
                0x100038aa       0x18 .build/obj_cloneshochat_v2_syn_via/protocol/report.o
                0x100038aa                add_key_bit
 .text.del_key_bit
                0x100038c2       0x18 .build/obj_cloneshochat_v2_syn_via/protocol/report.o
                0x100038c2                del_key_bit
 *fill*         0x100038da        0x2 
 .text.add_key_to_report
                0x100038dc       0x38 .build/obj_cloneshochat_v2_syn_via/protocol/report.o
                0x100038dc                add_key_to_report
 .text.del_key_from_report
                0x10003914       0x38 .build/obj_cloneshochat_v2_syn_via/protocol/report.o
                0x10003914                del_key_from_report
 .text.clear_keys_from_report
                0x1000394c       0x3c .build/obj_cloneshochat_v2_syn_via/protocol/report.o
                0x1000394c                clear_keys_from_report
 .text.has_mouse_report_changed
                0x10003988       0x58 .build/obj_cloneshochat_v2_syn_via/protocol/report.o
                0x10003988                has_mouse_report_changed
 .text.notify_usb_device_state_change_user
                0x100039e0        0x2 .build/obj_cloneshochat_v2_syn_via/protocol/usb_device_state.o
                0x100039e0                notify_usb_device_state_change_user
 .text.notify_usb_device_state_change_kb
                0x100039e2        0x8 .build/obj_cloneshochat_v2_syn_via/protocol/usb_device_state.o
                0x100039e2                notify_usb_device_state_change_kb
 *fill*         0x100039ea        0x2 
 .text.usb_device_state_set_configuration
                0x100039ec       0x14 .build/obj_cloneshochat_v2_syn_via/protocol/usb_device_state.o
                0x100039ec                usb_device_state_set_configuration
 .text.usb_device_state_set_suspend
                0x10003a00       0x14 .build/obj_cloneshochat_v2_syn_via/protocol/usb_device_state.o
                0x10003a00                usb_device_state_set_suspend
 .text.usb_device_state_set_resume
                0x10003a14        0x8 .build/obj_cloneshochat_v2_syn_via/protocol/usb_device_state.o
                0x10003a14                usb_device_state_set_resume
 .text.usb_device_state_set_reset
                0x10003a1c       0x14 .build/obj_cloneshochat_v2_syn_via/protocol/usb_device_state.o
                0x10003a1c                usb_device_state_set_reset
 .text.usb_device_state_init
                0x10003a30        0x8 .build/obj_cloneshochat_v2_syn_via/protocol/usb_device_state.o
                0x10003a30                usb_device_state_init
 .text.matrix_power_up
                0x10003a38        0x2 .build/obj_cloneshochat_v2_syn_via/platforms/suspend.o
                0x10003a38                matrix_power_up
 .text.matrix_power_down
                0x10003a3a        0x2 .build/obj_cloneshochat_v2_syn_via/platforms/suspend.o
                0x10003a3a                matrix_power_down
 .text.suspend_power_down_user
                0x10003a3c        0x2 .build/obj_cloneshochat_v2_syn_via/platforms/suspend.o
                0x10003a3c                suspend_power_down_user
 .text.suspend_power_down_kb
                0x10003a3e        0x8 .build/obj_cloneshochat_v2_syn_via/platforms/suspend.o
                0x10003a3e                suspend_power_down_kb
 .text.suspend_wakeup_init_user
                0x10003a46        0x2 .build/obj_cloneshochat_v2_syn_via/platforms/suspend.o
                0x10003a46                suspend_wakeup_init_user
 .text.suspend_wakeup_init_kb
                0x10003a48        0x8 .build/obj_cloneshochat_v2_syn_via/platforms/suspend.o
                0x10003a48                suspend_wakeup_init_kb
 .text.suspend_wakeup_condition
                0x10003a50       0x28 .build/obj_cloneshochat_v2_syn_via/platforms/suspend.o
                0x10003a50                suspend_wakeup_condition
 .text.platform_setup
                0x10003a78        0xc .build/obj_cloneshochat_v2_syn_via/platforms/chibios/platform.o
                0x10003a78                platform_setup
 .text.suspend_power_down
                0x10003a84       0x14 .build/obj_cloneshochat_v2_syn_via/platforms/chibios/suspend.o
                0x10003a84                suspend_power_down
 .text.suspend_wakeup_init
                0x10003a98       0x24 .build/obj_cloneshochat_v2_syn_via/platforms/chibios/suspend.o
                0x10003a98                suspend_wakeup_init
 .text.timer_clear
                0x10003abc       0x40 .build/obj_cloneshochat_v2_syn_via/platforms/chibios/timer.o
                0x10003abc                timer_clear
 .text.timer_init
                0x10003afc        0x8 .build/obj_cloneshochat_v2_syn_via/platforms/chibios/timer.o
                0x10003afc                timer_init
 .text.timer_read32
                0x10003b04       0x90 .build/obj_cloneshochat_v2_syn_via/platforms/chibios/timer.o
                0x10003b04                timer_read32
 .text.timer_read
                0x10003b94        0xa .build/obj_cloneshochat_v2_syn_via/platforms/chibios/timer.o
                0x10003b94                timer_read
 .text.timer_elapsed
                0x10003b9e        0xe .build/obj_cloneshochat_v2_syn_via/platforms/chibios/timer.o
                0x10003b9e                timer_elapsed
 .text.timer_elapsed32
                0x10003bac        0xc .build/obj_cloneshochat_v2_syn_via/platforms/chibios/timer.o
                0x10003bac                timer_elapsed32
 .text.mcu_reset
                0x10003bb8       0x1c .build/obj_cloneshochat_v2_syn_via/platforms/chibios/bootloaders/rp2040.o
                0x10003bb8                mcu_reset
 .text.bootloader_jump
                0x10003bd4       0x14 .build/obj_cloneshochat_v2_syn_via/platforms/chibios/bootloaders/rp2040.o
                0x10003bd4                bootloader_jump
 .text.__late_init
                0x10003be8       0x40 .build/obj_cloneshochat_v2_syn_via/platforms/chibios/bootloaders/rp2040.o
                0x10003be8                __late_init
 .text.port_lock
                0x10003c28       0x16 .build/obj_cloneshochat_v2_syn_via/protocol/chibios/usb_main.o
 .text.port_unlock
                0x10003c3e       0x12 .build/obj_cloneshochat_v2_syn_via/protocol/chibios/usb_main.o
 .text.dummy_usb_cb
                0x10003c50        0x2 .build/obj_cloneshochat_v2_syn_via/protocol/chibios/usb_main.o
 *fill*         0x10003c52        0x2 
 .text.usb_sof_cb
                0x10003c54       0x18 .build/obj_cloneshochat_v2_syn_via/protocol/chibios/usb_main.o
 .text.usb_get_descriptor_cb
                0x10003c6c       0x3c .build/obj_cloneshochat_v2_syn_via/protocol/chibios/usb_main.o
 .text.set_led_transfer_cb
                0x10003ca8       0x30 .build/obj_cloneshochat_v2_syn_via/protocol/chibios/usb_main.o
 .text.chVTSetI.constprop.0
                0x10003cd8       0x2c .build/obj_cloneshochat_v2_syn_via/protocol/chibios/usb_main.o
 .text.keyboard_idle_timer_cb
                0x10003d04       0x80 .build/obj_cloneshochat_v2_syn_via/protocol/chibios/usb_main.o
 .text.usb_requests_hook_cb
                0x10003d84      0x188 .build/obj_cloneshochat_v2_syn_via/protocol/chibios/usb_main.o
 .text.usb_event_queue_enqueue.isra.0
                0x10003f0c       0x28 .build/obj_cloneshochat_v2_syn_via/protocol/chibios/usb_main.o
 .text.usb_event_cb
                0x10003f34       0xc4 .build/obj_cloneshochat_v2_syn_via/protocol/chibios/usb_main.o
 .text.usb_event_queue_init
                0x10003ff8       0x24 .build/obj_cloneshochat_v2_syn_via/protocol/chibios/usb_main.o
                0x10003ff8                usb_event_queue_init
 .text.usb_event_queue_task
                0x1000401c       0xa4 .build/obj_cloneshochat_v2_syn_via/protocol/chibios/usb_main.o
                0x1000401c                usb_event_queue_task
 .text.init_usb_driver
                0x100040c0       0x88 .build/obj_cloneshochat_v2_syn_via/protocol/chibios/usb_main.o
                0x100040c0                init_usb_driver
 .text.restart_usb_driver
                0x10004148       0x30 .build/obj_cloneshochat_v2_syn_via/protocol/chibios/usb_main.o
                0x10004148                restart_usb_driver
 .text.keyboard_leds
                0x10004178        0xc .build/obj_cloneshochat_v2_syn_via/protocol/chibios/usb_main.o
                0x10004178                keyboard_leds
 .text.send_report
                0x10004184       0x50 .build/obj_cloneshochat_v2_syn_via/protocol/chibios/usb_main.o
                0x10004184                send_report
 .text.send_keyboard
                0x100041d4       0x20 .build/obj_cloneshochat_v2_syn_via/protocol/chibios/usb_main.o
                0x100041d4                send_keyboard
 .text.send_nkro
                0x100041f4        0xe .build/obj_cloneshochat_v2_syn_via/protocol/chibios/usb_main.o
                0x100041f4                send_nkro
 *fill*         0x10004202        0x2 
 .text.send_mouse
                0x10004204       0x20 .build/obj_cloneshochat_v2_syn_via/protocol/chibios/usb_main.o
                0x10004204                send_mouse
 .text.send_extra
                0x10004224        0xe .build/obj_cloneshochat_v2_syn_via/protocol/chibios/usb_main.o
                0x10004224                send_extra
 *fill*         0x10004232        0x2 
 .text.raw_hid_send
                0x10004234       0x1c .build/obj_cloneshochat_v2_syn_via/protocol/chibios/usb_main.o
                0x10004234                raw_hid_send
 .text.raw_hid_task
                0x10004250       0x28 .build/obj_cloneshochat_v2_syn_via/protocol/chibios/usb_main.o
                0x10004250                raw_hid_task
 .text.early_hardware_init_pre
                0x10004278        0x2 .build/obj_cloneshochat_v2_syn_via/protocol/chibios/chibios.o
                0x10004278                early_hardware_init_pre
 .text.early_hardware_init_post
                0x1000427a        0x2 .build/obj_cloneshochat_v2_syn_via/protocol/chibios/chibios.o
                0x1000427a                early_hardware_init_post
 .text.board_init
                0x1000427c        0x2 .build/obj_cloneshochat_v2_syn_via/protocol/chibios/chibios.o
                0x1000427c                board_init
 .text.__early_init
                0x1000427e       0x10 .build/obj_cloneshochat_v2_syn_via/protocol/chibios/chibios.o
                0x1000427e                __early_init
 .text.boardInit
                0x1000428e        0xc .build/obj_cloneshochat_v2_syn_via/protocol/chibios/chibios.o
                0x1000428e                boardInit
 .text.protocol_setup
                0x1000429a        0x8 .build/obj_cloneshochat_v2_syn_via/protocol/chibios/chibios.o
                0x1000429a                protocol_setup
 *fill*         0x100042a2        0x2 
 .text.protocol_pre_init
                0x100042a4       0x2c .build/obj_cloneshochat_v2_syn_via/protocol/chibios/chibios.o
                0x100042a4                protocol_pre_init
 .text.protocol_post_init
                0x100042d0       0x10 .build/obj_cloneshochat_v2_syn_via/protocol/chibios/chibios.o
                0x100042d0                protocol_post_init
 .text.protocol_pre_task
                0x100042e0       0x48 .build/obj_cloneshochat_v2_syn_via/protocol/chibios/chibios.o
                0x100042e0                protocol_pre_task
 .text.protocol_post_task
                0x10004328        0x8 .build/obj_cloneshochat_v2_syn_via/protocol/chibios/chibios.o
                0x10004328                protocol_post_task
 .text.get_usb_descriptor
                0x10004330       0x80 .build/obj_cloneshochat_v2_syn_via/usb_descriptor.o
                0x10004330                get_usb_descriptor
 .text.port_lock
                0x100043b0       0x16 .build/obj_cloneshochat_v2_syn_via/protocol/chibios/usb_driver.o
 .text.port_unlock
                0x100043c6       0x12 .build/obj_cloneshochat_v2_syn_via/protocol/chibios/usb_driver.o
 .text.obnotify
                0x100043d8       0x3c .build/obj_cloneshochat_v2_syn_via/protocol/chibios/usb_driver.o
 .text._readt   0x10004414        0xa .build/obj_cloneshochat_v2_syn_via/protocol/chibios/usb_driver.o
 .text._read    0x1000441e        0xe .build/obj_cloneshochat_v2_syn_via/protocol/chibios/usb_driver.o
 .text._writet  0x1000442c        0xa .build/obj_cloneshochat_v2_syn_via/protocol/chibios/usb_driver.o
 .text._write   0x10004436        0xe .build/obj_cloneshochat_v2_syn_via/protocol/chibios/usb_driver.o
 .text._gett    0x10004444        0xa .build/obj_cloneshochat_v2_syn_via/protocol/chibios/usb_driver.o
 .text._get     0x1000444e        0xe .build/obj_cloneshochat_v2_syn_via/protocol/chibios/usb_driver.o
 .text._putt    0x1000445c        0xa .build/obj_cloneshochat_v2_syn_via/protocol/chibios/usb_driver.o
 .text._put     0x10004466        0xe .build/obj_cloneshochat_v2_syn_via/protocol/chibios/usb_driver.o
 .text.qmkusb_start_receive.isra.0
                0x10004474       0x3a .build/obj_cloneshochat_v2_syn_via/protocol/chibios/usb_driver.o
 .text.ibnotify
                0x100044ae        0xa .build/obj_cloneshochat_v2_syn_via/protocol/chibios/usb_driver.o
 .text.qmkusbObjectInit
                0x100044b8       0x50 .build/obj_cloneshochat_v2_syn_via/protocol/chibios/usb_driver.o
                0x100044b8                qmkusbObjectInit
 .text.qmkusbStart
                0x10004508       0x38 .build/obj_cloneshochat_v2_syn_via/protocol/chibios/usb_driver.o
                0x10004508                qmkusbStart
 .text.qmkusbSuspendHookI
                0x10004540       0x30 .build/obj_cloneshochat_v2_syn_via/protocol/chibios/usb_driver.o
                0x10004540                qmkusbSuspendHookI
 .text.qmkusbWakeupHookI
                0x10004570       0x16 .build/obj_cloneshochat_v2_syn_via/protocol/chibios/usb_driver.o
                0x10004570                qmkusbWakeupHookI
 .text.qmkusbConfigureHookI
                0x10004586       0x2c .build/obj_cloneshochat_v2_syn_via/protocol/chibios/usb_driver.o
                0x10004586                qmkusbConfigureHookI
 *fill*         0x100045b2        0x2 
 .text.qmkusbRequestsHook
                0x100045b4       0x48 .build/obj_cloneshochat_v2_syn_via/protocol/chibios/usb_driver.o
                0x100045b4                qmkusbRequestsHook
 .text.qmkusbSOFHookI
                0x100045fc       0x68 .build/obj_cloneshochat_v2_syn_via/protocol/chibios/usb_driver.o
                0x100045fc                qmkusbSOFHookI
 .text.qmkusbDataTransmitted
                0x10004664       0x78 .build/obj_cloneshochat_v2_syn_via/protocol/chibios/usb_driver.o
                0x10004664                qmkusbDataTransmitted
 .text.qmkusbDataReceived
                0x100046dc       0x3e .build/obj_cloneshochat_v2_syn_via/protocol/chibios/usb_driver.o
                0x100046dc                qmkusbDataReceived
 .text.qmkusbInterruptTransmitted
                0x1000471a        0x2 .build/obj_cloneshochat_v2_syn_via/protocol/chibios/usb_driver.o
                0x1000471a                qmkusbInterruptTransmitted
 .text.__core_init
                0x1000471c       0x18 .build/obj_cloneshochat_v2_syn_via/./lib/chibios/os/oslib/src/chmemcore.o
                0x1000471c                __core_init
 .text.__cpu_init
                0x10004734        0x2 .build/obj_cloneshochat_v2_syn_via/lib/chibios/os/common/startup/ARMCMx/compilers/GCC/crt1.o
                0x10004734                __cpu_init
 .text.__default_exit
                0x10004736        0x2 .build/obj_cloneshochat_v2_syn_via/lib/chibios/os/common/startup/ARMCMx/compilers/GCC/crt1.o
                0x10004736                __default_exit
 .text.__init_ram_areas
                0x10004738       0x44 .build/obj_cloneshochat_v2_syn_via/lib/chibios/os/common/startup/ARMCMx/compilers/GCC/crt1.o
                0x10004738                __init_ram_areas
 .text.chSysInit
                0x1000477c       0x40 .build/obj_cloneshochat_v2_syn_via/lib/chibios/os/rt/src/chsys.o
                0x1000477c                chSysInit
 .text.chSysHalt
                0x100047bc       0x24 .build/obj_cloneshochat_v2_syn_via/lib/chibios/os/rt/src/chsys.o
                0x100047bc                chSysHalt
 .text.chSysTimerHandlerI
                0x100047e0        0x8 .build/obj_cloneshochat_v2_syn_via/lib/chibios/os/rt/src/chsys.o
                0x100047e0                chSysTimerHandlerI
 .text.chSysPolledDelayX
                0x100047e8       0x14 .build/obj_cloneshochat_v2_syn_via/lib/chibios/os/rt/src/chsys.o
                0x100047e8                chSysPolledDelayX
 .text.chRFCUCollectFaultsI
                0x100047fc       0x10 .build/obj_cloneshochat_v2_syn_via/lib/chibios/os/rt/src/chrfcu.o
                0x100047fc                chRFCUCollectFaultsI
 .text.ch_dlist_insert
                0x1000480c       0x2a .build/obj_cloneshochat_v2_syn_via/lib/chibios/os/rt/src/chvt.o
 *fill*         0x10004836        0x2 
 .text.vt_insert_first
                0x10004838       0x6c .build/obj_cloneshochat_v2_syn_via/lib/chibios/os/rt/src/chvt.o
 .text.vt_set_alarm
                0x100048a4       0x48 .build/obj_cloneshochat_v2_syn_via/lib/chibios/os/rt/src/chvt.o
 .text.vt_enqueue
                0x100048ec       0x44 .build/obj_cloneshochat_v2_syn_via/lib/chibios/os/rt/src/chvt.o
 .text.chVTDoSetI
                0x10004930       0x2c .build/obj_cloneshochat_v2_syn_via/lib/chibios/os/rt/src/chvt.o
                0x10004930                chVTDoSetI
 .text.chVTDoResetI
                0x1000495c       0x7c .build/obj_cloneshochat_v2_syn_via/lib/chibios/os/rt/src/chvt.o
                0x1000495c                chVTDoResetI
 .text.chVTDoTickI
                0x100049d8       0xe4 .build/obj_cloneshochat_v2_syn_via/lib/chibios/os/rt/src/chvt.o
                0x100049d8                chVTDoTickI
 .text.__sch_ready_behind
                0x10004abc       0x1c .build/obj_cloneshochat_v2_syn_via/lib/chibios/os/rt/src/chschd.o
 .text.__sch_ready_ahead
                0x10004ad8       0x1c .build/obj_cloneshochat_v2_syn_via/lib/chibios/os/rt/src/chschd.o
 .text.__sch_wakeup
                0x10004af4       0x62 .build/obj_cloneshochat_v2_syn_via/lib/chibios/os/rt/src/chschd.o
 *fill*         0x10004b56        0x2 
 .text.chSchReadyI
                0x10004b58       0x2c .build/obj_cloneshochat_v2_syn_via/lib/chibios/os/rt/src/chschd.o
                0x10004b58                chSchReadyI
 .text.chSchGoSleepS
                0x10004b84       0x2c .build/obj_cloneshochat_v2_syn_via/lib/chibios/os/rt/src/chschd.o
                0x10004b84                chSchGoSleepS
 .text.chSchGoSleepTimeoutS
                0x10004bb0       0x4c .build/obj_cloneshochat_v2_syn_via/lib/chibios/os/rt/src/chschd.o
                0x10004bb0                chSchGoSleepTimeoutS
 .text.chSchIsPreemptionRequired
                0x10004bfc       0x24 .build/obj_cloneshochat_v2_syn_via/lib/chibios/os/rt/src/chschd.o
                0x10004bfc                chSchIsPreemptionRequired
 .text.chSchDoPreemption
                0x10004c20       0x34 .build/obj_cloneshochat_v2_syn_via/lib/chibios/os/rt/src/chschd.o
                0x10004c20                chSchDoPreemption
 .text.chSchRescheduleS
                0x10004c54       0x28 .build/obj_cloneshochat_v2_syn_via/lib/chibios/os/rt/src/chschd.o
                0x10004c54                chSchRescheduleS
 .text.__idle_thread
                0x10004c7c        0x4 .build/obj_cloneshochat_v2_syn_via/lib/chibios/os/rt/src/chinstances.o
 .text.chInstanceObjectInit
                0x10004c80       0x90 .build/obj_cloneshochat_v2_syn_via/lib/chibios/os/rt/src/chinstances.o
                0x10004c80                chInstanceObjectInit
 .text.port_lock
                0x10004d10       0x16 .build/obj_cloneshochat_v2_syn_via/lib/chibios/os/rt/src/chthreads.o
 .text.port_unlock
                0x10004d26       0x12 .build/obj_cloneshochat_v2_syn_via/lib/chibios/os/rt/src/chthreads.o
 .text.chThdGetSelfX
                0x10004d38       0x18 .build/obj_cloneshochat_v2_syn_via/lib/chibios/os/rt/src/chthreads.o
 .text.__thd_object_init
                0x10004d50       0x14 .build/obj_cloneshochat_v2_syn_via/lib/chibios/os/rt/src/chthreads.o
                0x10004d50                __thd_object_init
 .text.chThdCreateSuspendedI
                0x10004d64       0x4c .build/obj_cloneshochat_v2_syn_via/lib/chibios/os/rt/src/chthreads.o
                0x10004d64                chThdCreateSuspendedI
 .text.chThdCreateI
                0x10004db0        0xc .build/obj_cloneshochat_v2_syn_via/lib/chibios/os/rt/src/chthreads.o
                0x10004db0                chThdCreateI
 .text.chThdExitS
                0x10004dbc       0x12 .build/obj_cloneshochat_v2_syn_via/lib/chibios/os/rt/src/chthreads.o
                0x10004dbc                chThdExitS
 .text.chThdExit
                0x10004dce       0x10 .build/obj_cloneshochat_v2_syn_via/lib/chibios/os/rt/src/chthreads.o
                0x10004dce                chThdExit
 .text.chThdSleep
                0x10004dde       0x16 .build/obj_cloneshochat_v2_syn_via/lib/chibios/os/rt/src/chthreads.o
                0x10004dde                chThdSleep
 .text.chThdSuspendTimeoutS
                0x10004df4       0x22 .build/obj_cloneshochat_v2_syn_via/lib/chibios/os/rt/src/chthreads.o
                0x10004df4                chThdSuspendTimeoutS
 .text.chThdResumeI
                0x10004e16       0x16 .build/obj_cloneshochat_v2_syn_via/lib/chibios/os/rt/src/chthreads.o
                0x10004e16                chThdResumeI
 .text.chThdEnqueueTimeoutS
                0x10004e2c       0x28 .build/obj_cloneshochat_v2_syn_via/lib/chibios/os/rt/src/chthreads.o
                0x10004e2c                chThdEnqueueTimeoutS
 .text.chThdDequeueNextI
                0x10004e54       0x18 .build/obj_cloneshochat_v2_syn_via/lib/chibios/os/rt/src/chthreads.o
                0x10004e54                chThdDequeueNextI
 .text.chThdDequeueAllI
                0x10004e6c       0x1c .build/obj_cloneshochat_v2_syn_via/lib/chibios/os/rt/src/chthreads.o
                0x10004e6c                chThdDequeueAllI
 .text.chEvtSignalI
                0x10004e88       0x2c .build/obj_cloneshochat_v2_syn_via/lib/chibios/os/rt/src/chevents.o
                0x10004e88                chEvtSignalI
 .text.chEvtBroadcastFlagsI
                0x10004eb4       0x2a .build/obj_cloneshochat_v2_syn_via/lib/chibios/os/rt/src/chevents.o
                0x10004eb4                chEvtBroadcastFlagsI
 *fill*         0x10004ede        0x2 
 .text.port_local_halt
                0x10004ee0       0x20 .build/obj_cloneshochat_v2_syn_via/lib/chibios/os/common/ports/ARMv6-M-RP2/chcore.o
                0x10004ee0                port_local_halt
 .text.NMI_Handler
                0x10004f00       0x1c .build/obj_cloneshochat_v2_syn_via/lib/chibios/os/common/ports/ARMv6-M-RP2/chcore.o
                0x10004f00                NMI_Handler
 .text.port_init
                0x10004f1c       0x58 .build/obj_cloneshochat_v2_syn_via/lib/chibios/os/common/ports/ARMv6-M-RP2/chcore.o
                0x10004f1c                port_init
 .text.__port_irq_epilogue
                0x10004f74       0x44 .build/obj_cloneshochat_v2_syn_via/lib/chibios/os/common/ports/ARMv6-M-RP2/chcore.o
                0x10004f74                __port_irq_epilogue
 .text.Vector7C
                0x10004fb8       0x20 .build/obj_cloneshochat_v2_syn_via/lib/chibios/os/common/ports/ARMv6-M-RP2/chcore.o
                0x10004fb8                Vector7C
 .text.Vector80
                0x10004fd8       0x26 .build/obj_cloneshochat_v2_syn_via/lib/chibios/os/common/ports/ARMv6-M-RP2/chcore.o
                0x10004fd8                Vector80
 .text.__port_spinlock_release
                0x10004ffe       0x10 .build/obj_cloneshochat_v2_syn_via/lib/chibios/os/common/ports/ARMv6-M-RP2/chcore.o
                0x10004ffe                __port_spinlock_release
 .text.halInit  0x1000500e       0x18 .build/obj_cloneshochat_v2_syn_via/lib/chibios/os/hal/src/hal.o
                0x1000500e                halInit
 *fill*         0x10005026        0x2 
 .text.stInit   0x10005028       0x18 .build/obj_cloneshochat_v2_syn_via/lib/chibios/os/hal/src/hal_st.o
                0x10005028                stInit
 .text.stGetCounter
                0x10005040        0xc .build/obj_cloneshochat_v2_syn_via/lib/chibios/os/hal/src/hal_st.o
                0x10005040                stGetCounter
 .text.stBindAlarmN
                0x1000504c        0x8 .build/obj_cloneshochat_v2_syn_via/lib/chibios/os/hal/src/hal_st.o
                0x1000504c                stBindAlarmN
 .text.stStartAlarmN
                0x10005054       0x1c .build/obj_cloneshochat_v2_syn_via/lib/chibios/os/hal/src/hal_st.o
                0x10005054                stStartAlarmN
 .text.stStopAlarmN
                0x10005070       0x14 .build/obj_cloneshochat_v2_syn_via/lib/chibios/os/hal/src/hal_st.o
                0x10005070                stStopAlarmN
 .text.stSetAlarmN
                0x10005084       0x10 .build/obj_cloneshochat_v2_syn_via/lib/chibios/os/hal/src/hal_st.o
                0x10005084                stSetAlarmN
 .text.port_lock
                0x10005094       0x16 .build/obj_cloneshochat_v2_syn_via/lib/chibios/os/hal/src/hal_buffers.o
 .text.port_unlock
                0x100050aa       0x12 .build/obj_cloneshochat_v2_syn_via/lib/chibios/os/hal/src/hal_buffers.o
 .text.ibqObjectInit
                0x100050bc       0x30 .build/obj_cloneshochat_v2_syn_via/lib/chibios/os/hal/src/hal_buffers.o
                0x100050bc                ibqObjectInit
 .text.ibqResetI
                0x100050ec       0x1a .build/obj_cloneshochat_v2_syn_via/lib/chibios/os/hal/src/hal_buffers.o